
> git-city@0.1.0 build
> next build

Γû▓ Next.js 16.1.6 (Turbopack)
- Environments: .env.local

node.exe : ΓÜá The 
"middleware" file convention 
is deprecated. Please use 
"proxy" instead. Learn more: h
ttps://nextjs.org/docs/message
s/middleware-to-proxy
At line:1 char:1
+ & "C:\Program 
Files\nodejs/node.exe" 
"C:\Program 
Files\nodejs/node_mo ...
+ ~~~~~~~~~~~~~~~~~~~~~~~~~~~~
~~~~~~~~~~~~~~~~~~~~~~~~~~~~~~
~~~~~~~~~~~
    + CategoryInfo            
  : NotSpecifi    ed: (ΓÜá 
The "midd    
le...leware-to-pro    
xy:String) [], Rem    
oteException
    + FullyQualifiedEr    
rorId : NativeComm    andError
 
  Creating an optimized production build ...

> Build error occurred
Error: Turbopack build failed 
with 6 errors:
./src/app/dev/[username]/page.
tsx:10:1
Export DISTRICT_COLORS 
doesn't exist in target module
[0m [90m  8 |[39m 
[36mimport[39m { 
getOwnedItems } 
[36mfrom[39m [32m"@/lib/ite
ms"[39m[33m;[39m
 [90m  9 |[39m 
[36mimport[39m { 
[33mTIER_COLORS[39m } 
[36mfrom[39m [32m"@/lib/ach
ievements"[39m[33m;[39m
[31m[1m>[22m[39m[90m 10 
|[39m [36mimport[39m { [33
mDISTRICT_NAMES[39m[33m,[39
m [33mDISTRICT_COLORS[39m } 
[36mfrom[39m [32m"@/lib/git
hub"[39m[33m;[39m
 [90m    |[39m [31m[1m^[2
2m[39m[31m[1m^[22m[39m[3
1m[1m^[22m[39m[31m[1m^[2
2m[39m[31m[1m^[22m[39m[3
1m[1m^[22m[39m[31m[1m^[2
2m[39m[31m[1m^[22m[39m[3
1m[1m^[22m[39m[31m[1m^[2
2m[39m[31m[1m^[22m[39m[3
1m[1m^[22m[39m[31m[1m^[2
2m[39m[31m[1m^[22m[39m[3
1m[1m^[22m[39m[31m[1m^[2
2m[39m[31m[1m^[22m[39m[3
1m[1m^[22m[39m[31m[1m^[2
2m[39m[31m[1m^[22m[39m[3
1m[1m^[22m[39m[31m[1m^[2
2m[39m[31m[1m^[22m[39m[3
1m[1m^[22m[39m[31m[1m^[2
2m[39m[31m[1m^[22m[39m[3
1m[1m^[22m[39m[31m[1m^[2
2m[39m[31m[1m^[22m[39m[3
1m[1m^[22m[39m[31m[1m^[2
2m[39m[31m[1m^[22m[39m[3
1m[1m^[22m[39m[31m[1m^[2
2m[39m[31m[1m^[22m[39m[3
1m[1m^[22m[39m[31m[1m^[2
2m[39m[31m[1m^[22m[39m[3
1m[1m^[22m[39m[31m[1m^[2
2m[39m[31m[1m^[22m[39m[3
1m[1m^[22m[39m[31m[1m^[2
2m[39m[31m[1m^[22m[39m[3
1m[1m^[22m[39m[31m[1m^[2
2m[39m[31m[1m^[22m[39m[3
1m[1m^[22m[39m[31m[1m^[2
2m[39m[31m[1m^[22m[39m[3
1m[1m^[22m[39m[31m[1m^[2
2m[39m[31m[1m^[22m[39m[3
1m[1m^[22m[39m[31m[1m^[2
2m[39m[31m[1m^[22m[39m[3
1m[1m^[22m[39m[31m[1m^[2
2m[39m[31m[1m^[22m[39m[3
1m[1m^[22m[39m[31m[1m^[2
2m[39m[31m[1m^[22m[39m[3
1m[1m^[22m[39m
 [90m 11 |[39m 
[36mimport[39m { 
[33mITEM_NAMES[39m } 
[36mfrom[39m [32m"@/lib/zon
es"[39m[33m;[39m
 [90m 12 |[39m 
[36mimport[39m { 
rankFromLevel[33m,[39m 
tierFromLevel[33m,[39m 
levelProgress[33m,[39m 
xpForLevel } [36mfrom[39m [
32m"@/lib/xp"[39m[33m;[39m
 [90m 13 |[39m 
[36mimport[39m 
[33mClaimButton[39m 
[36mfrom[39m [32m"@/compone
nts/ClaimButton"[39m[33m;[3
9m[0m

The export DISTRICT_COLORS 
was not found in module 
[project]/src/lib/github.ts 
[app-rsc] (ecmascript).
Did you mean to import 
CONSTELLATION_COLORS?
All exports of the module are 
statically known (It doesn't 
have dynamic exports). So 
it's known statically that 
the requested export doesn't 
exist.


./src/app/dev/[username]/page.
tsx:10:1
Export DISTRICT_NAMES doesn't 
exist in target module
[0m [90m  8 |[39m 
[36mimport[39m { 
getOwnedItems } 
[36mfrom[39m [32m"@/lib/ite
ms"[39m[33m;[39m
 [90m  9 |[39m 
[36mimport[39m { 
[33mTIER_COLORS[39m } 
[36mfrom[39m [32m"@/lib/ach
ievements"[39m[33m;[39m
[31m[1m>[22m[39m[90m 10 
|[39m [36mimport[39m { [33
mDISTRICT_NAMES[39m[33m,[39
m [33mDISTRICT_COLORS[39m } 
[36mfrom[39m [32m"@/lib/git
hub"[39m[33m;[39m
 [90m    |[39m [31m[1m^[2
2m[39m[31m[1m^[22m[39m[3
1m[1m^[22m[39m[31m[1m^[2
2m[39m[31m[1m^[22m[39m[3
1m[1m^[22m[39m[31m[1m^[2
2m[39m[31m[1m^[22m[39m[3
1m[1m^[22m[39m[31m[1m^[2
2m[39m[31m[1m^[22m[39m[3
1m[1m^[22m[39m[31m[1m^[2
2m[39m[31m[1m^[22m[39m[3
1m[1m^[22m[39m[31m[1m^[2
2m[39m[31m[1m^[22m[39m[3
1m[1m^[22m[39m[31m[1m^[2
2m[39m[31m[1m^[22m[39m[3
1m[1m^[22m[39m[31m[1m^[2
2m[39m[31m[1m^[22m[39m[3
1m[1m^[22m[39m[31m[1m^[2
2m[39m[31m[1m^[22m[39m[3
1m[1m^[22m[39m[31m[1m^[2
2m[39m[31m[1m^[22m[39m[3
1m[1m^[22m[39m[31m[1m^[2
2m[39m[31m[1m^[22m[39m[3
1m[1m^[22m[39m[31m[1m^[2
2m[39m[31m[1m^[22m[39m[3
1m[1m^[22m[39m[31m[1m^[2
2m[39m[31m[1m^[22m[39m[3
1m[1m^[22m[39m[31m[1m^[2
2m[39m[31m[1m^[22m[39m[3
1m[1m^[22m[39m[31m[1m^[2
2m[39m[31m[1m^[22m[39m[3
1m[1m^[22m[39m[31m[1m^[2
2m[39m[31m[1m^[22m[39m[3
1m[1m^[22m[39m[31m[1m^[2
2m[39m[31m[1m^[22m[39m[3
1m[1m^[22m[39m[31m[1m^[2
2m[39m[31m[1m^[22m[39m[3
1m[1m^[22m[39m[31m[1m^[2
2m[39m[31m[1m^[22m[39m[3
1m[1m^[22m[39m[31m[1m^[2
2m[39m[31m[1m^[22m[39m[3
1m[1m^[22m[39m[31m[1m^[2
2m[39m[31m[1m^[22m[39m[3
1m[1m^[22m[39m
 [90m 11 |[39m 
[36mimport[39m { 
[33mITEM_NAMES[39m } 
[36mfrom[39m [32m"@/lib/zon
es"[39m[33m;[39m
 [90m 12 |[39m 
[36mimport[39m { 
rankFromLevel[33m,[39m 
tierFromLevel[33m,[39m 
levelProgress[33m,[39m 
xpForLevel } [36mfrom[39m [
32m"@/lib/xp"[39m[33m;[39m
 [90m 13 |[39m 
[36mimport[39m 
[33mClaimButton[39m 
[36mfrom[39m [32m"@/compone
nts/ClaimButton"[39m[33m;[3
9m[0m

The export DISTRICT_NAMES was 
not found in module 
[project]/src/lib/github.ts 
[app-rsc] (ecmascript).
Did you mean to import 
CONSTELLATION_NAMES?
All exports of the module are 
statically known (It doesn't 
have dynamic exports). So 
it's known statically that 
the requested export doesn't 
exist.


./src/app/shop/[username]/page
.tsx:9:1
Export calcPlanetDims doesn't 
exist in target module
[0m [90m  7 |[39m 
[36mimport[39m { 
getOwnedItems } 
[36mfrom[39m [32m"@/lib/ite
ms"[39m[33m;[39m
 [90m  8 |[39m 
[36mimport[39m type { 
[33mShopItem[39m } 
[36mfrom[39m [32m"@/lib/ite
ms"[39m[33m;[39m
[31m[1m>[22m[39m[90m  9 
|[39m [36mimport[39m { 
calcPlanetDims } 
[36mfrom[39m [32m"@/lib/git
hub"[39m[33m;[39m
 [90m    |[39m [31m[1m^[2
2m[39m[31m[1m^[22m[39m[3
1m[1m^[22m[39m[31m[1m^[2
2m[39m[31m[1m^[22m[39m[3
1m[1m^[22m[39m[31m[1m^[2
2m[39m[31m[1m^[22m[39m[3
1m[1m^[22m[39m[31m[1m^[2
2m[39m[31m[1m^[22m[39m[3
1m[1m^[22m[39m[31m[1m^[2
2m[39m[31m[1m^[22m[39m[3
1m[1m^[22m[39m[31m[1m^[2
2m[39m[31m[1m^[22m[39m[3
1m[1m^[22m[39m[31m[1m^[2
2m[39m[31m[1m^[22m[39m[3
1m[1m^[22m[39m[31m[1m^[2
2m[39m[31m[1m^[22m[39m[3
1m[1m^[22m[39m[31m[1m^[2
2m[39m[31m[1m^[22m[39m[3
1m[1m^[22m[39m[31m[1m^[2
2m[39m[31m[1m^[22m[39m[3
1m[1m^[22m[39m[31m[1m^[2
2m[39m[31m[1m^[22m[39m[3
1m[1m^[22m[39m[31m[1m^[2
2m[39m[31m[1m^[22m[39m[3
1m[1m^[22m[39m[31m[1m^[2
2m[39m[31m[1m^[22m[39m[3
1m[1m^[22m[39m[31m[1m^[2
2m[39m[31m[1m^[22m[39m[3
1m[1m^[22m[39m[31m[1m^[2
2m[39m[31m[1m^[22m[39m[3
1m[1m^[22m[39m[31m[1m^[2
2m[39m
 [90m 10 |[39m 
[36mimport[39m 
[33mShopClient[39m 
[36mfrom[39m [32m"@/compone
nts/ShopClient"[39m[33m;[39
m
 [90m 11 |[39m
 [90m 12 |[39m 
[36minterface[39m 
[33mProps[39m {[0m

The export calcPlanetDims was 
not found in module 
[project]/src/lib/github.ts 
[app-rsc] (ecmascript).
Did you mean to import 
calcplanetDims?
All exports of the module are 
statically known (It doesn't 
have dynamic exports). So 
it's known statically that 
the requested export doesn't 
exist.


./src/components/constellation
Chooser.tsx:4:1
Export constellation_COLORS 
doesn't exist in target module
[0m [90m  2 |[39m
 [90m  3 |[39m 
[36mimport[39m { 
useState[33m,[39m useEffect 
} [36mfrom[39m 
[32m"react"[39m[33m;[39m
[31m[1m>[22m[39m[90m  4 
|[39m [36mimport[39m {
 [90m    |[39m [31m[1m^[2
2m[39m[31m[1m^[22m[39m[3
1m[1m^[22m[39m[31m[1m^[2
2m[39m[31m[1m^[22m[39m[3
1m[1m^[22m[39m[31m[1m^[2
2m[39m[31m[1m^[22m[39m
[31m[1m>[22m[39m[90m  5 
|[39m   
constellation_NAMES[33m,[39m
 [90m    |[39m [31m[1m^[2
2m[39m[31m[1m^[22m[39m[3
1m[1m^[22m[39m[31m[1m^[2
2m[39m[31m[1m^[22m[39m[3
1m[1m^[22m[39m[31m[1m^[2
2m[39m[31m[1m^[22m[39m[3
1m[1m^[22m[39m[31m[1m^[2
2m[39m[31m[1m^[22m[39m[3
1m[1m^[22m[39m[31m[1m^[2
2m[39m[31m[1m^[22m[39m[3
1m[1m^[22m[39m[31m[1m^[2
2m[39m[31m[1m^[22m[39m[3
1m[1m^[22m[39m[31m[1m^[2
2m[39m[31m[1m^[22m[39m[3
1m[1m^[22m[39m[31m[1m^[2
2m[39m
[31m[1m>[22m[39m[90m  6 
|[39m   constellation_COLORS
[33m,[39m
 [90m    |[39m [31m[1m^[2
2m[39m[31m[1m^[22m[39m[3
1m[1m^[22m[39m[31m[1m^[2
2m[39m[31m[1m^[22m[39m[3
1m[1m^[22m[39m[31m[1m^[2
2m[39m[31m[1m^[22m[39m[3
1m[1m^[22m[39m[31m[1m^[2
2m[39m[31m[1m^[22m[39m[3
1m[1m^[22m[39m[31m[1m^[2
2m[39m[31m[1m^[22m[39m[3
1m[1m^[22m[39m[31m[1m^[2
2m[39m[31m[1m^[22m[39m[3
1m[1m^[22m[39m[31m[1m^[2
2m[39m[31m[1m^[22m[39m[3
1m[1m^[22m[39m[31m[1m^[2
2m[39m
[31m[1m>[22m[39m[90m  7 
|[39m   constellation_DESCRIP
TIONS[33m,[39m
 [90m    |[39m [31m[1m^[2
2m[39m[31m[1m^[22m[39m[3
1m[1m^[22m[39m[31m[1m^[2
2m[39m[31m[1m^[22m[39m[3
1m[1m^[22m[39m[31m[1m^[2
2m[39m[31m[1m^[22m[39m[3
1m[1m^[22m[39m[31m[1m^[2
2m[39m[31m[1m^[22m[39m[3
1m[1m^[22m[39m[31m[1m^[2
2m[39m[31m[1m^[22m[39m[3
1m[1m^[22m[39m[31m[1m^[2
2m[39m[31m[1m^[22m[39m[3
1m[1m^[22m[39m[31m[1m^[2
2m[39m[31m[1m^[22m[39m[3
1m[1m^[22m[39m[31m[1m^[2
2m[39m
[31m[1m>[22m[39m[90m  8 
|[39m } [36mfrom[39m [32m"
@/lib/github"[39m[33m;[39m
 [90m    |[39m [31m[1m^[2
2m[39m[31m[1m^[22m[39m[3
1m[1m^[22m[39m[31m[1m^[2
2m[39m[31m[1m^[22m[39m[3
1m[1m^[22m[39m[31m[1m^[2
2m[39m[31m[1m^[22m[39m[3
1m[1m^[22m[39m[31m[1m^[2
2m[39m[31m[1m^[22m[39m[3
1m[1m^[22m[39m[31m[1m^[2
2m[39m[31m[1m^[22m[39m[3
1m[1m^[22m[39m[31m[1m^[2
2m[39m[31m[1m^[22m[39m[3
1m[1m^[22m[39m[31m[1m^[2
2m[39m[31m[1m^[22m[39m[3
1m[1m^[22m[39m[31m[1m^[2
2m[39m[31m[1m^[22m[39m
 [90m  9 |[39m
 [90m 10 |[39m 
[36minterface[39m 
constellationChooserProps {
 [90m 11 |[39m   currentcons
tellation[33m:[39m string 
[33m|[39m 
[36mnull[39m[33m;[39m[0m

The export 
constellation_COLORS was not 
found in module 
[project]/src/lib/github.ts 
[app-client] (ecmascript).
Did you mean to import 
inferconstellation?
All exports of the module are 
statically known (It doesn't 
have dynamic exports). So 
it's known statically that 
the requested export doesn't 
exist.

Import trace:
  Client Component Browser:
    ./src/components/constella
tionChooser.tsx [Client 
Component Browser]
    ./src/app/page.tsx 
[Client Component Browser]
    ./src/app/page.tsx 
[Server Component]


./src/components/constellation
Chooser.tsx:4:1
Export 
constellation_DESCRIPTIONS 
doesn't exist in target module
[0m [90m  2 |[39m
 [90m  3 |[39m 
[36mimport[39m { 
useState[33m,[39m useEffect 
} [36mfrom[39m 
[32m"react"[39m[33m;[39m
[31m[1m>[22m[39m[90m  4 
|[39m [36mimport[39m {
 [90m    |[39m [31m[1m^[2
2m[39m[31m[1m^[22m[39m[3
1m[1m^[22m[39m[31m[1m^[2
2m[39m[31m[1m^[22m[39m[3
1m[1m^[22m[39m[31m[1m^[2
2m[39m[31m[1m^[22m[39m
[31m[1m>[22m[39m[90m  5 
|[39m   
constellation_NAMES[33m,[39m
 [90m    |[39m [31m[1m^[2
2m[39m[31m[1m^[22m[39m[3
1m[1m^[22m[39m[31m[1m^[2
2m[39m[31m[1m^[22m[39m[3
1m[1m^[22m[39m[31m[1m^[2
2m[39m[31m[1m^[22m[39m[3
1m[1m^[22m[39m[31m[1m^[2
2m[39m[31m[1m^[22m[39m[3
1m[1m^[22m[39m[31m[1m^[2
2m[39m[31m[1m^[22m[39m[3
1m[1m^[22m[39m[31m[1m^[2
2m[39m[31m[1m^[22m[39m[3
1m[1m^[22m[39m[31m[1m^[2
2m[39m[31m[1m^[22m[39m[3
1m[1m^[22m[39m[31m[1m^[2
2m[39m
[31m[1m>[22m[39m[90m  6 
|[39m   constellation_COLORS
[33m,[39m
 [90m    |[39m [31m[1m^[2
2m[39m[31m[1m^[22m[39m[3
1m[1m^[22m[39m[31m[1m^[2
2m[39m[31m[1m^[22m[39m[3
1m[1m^[22m[39m[31m[1m^[2
2m[39m[31m[1m^[22m[39m[3
1m[1m^[22m[39m[31m[1m^[2
2m[39m[31m[1m^[22m[39m[3
1m[1m^[22m[39m[31m[1m^[2
2m[39m[31m[1m^[22m[39m[3
1m[1m^[22m[39m[31m[1m^[2
2m[39m[31m[1m^[22m[39m[3
1m[1m^[22m[39m[31m[1m^[2
2m[39m[31m[1m^[22m[39m[3
1m[1m^[22m[39m[31m[1m^[2
2m[39m
[31m[1m>[22m[39m[90m  7 
|[39m   constellation_DESCRIP
TIONS[33m,[39m
 [90m    |[39m [31m[1m^[2
2m[39m[31m[1m^[22m[39m[3
1m[1m^[22m[39m[31m[1m^[2
2m[39m[31m[1m^[22m[39m[3
1m[1m^[22m[39m[31m[1m^[2
2m[39m[31m[1m^[22m[39m[3
1m[1m^[22m[39m[31m[1m^[2
2m[39m[31m[1m^[22m[39m[3
1m[1m^[22m[39m[31m[1m^[2
2m[39m[31m[1m^[22m[39m[3
1m[1m^[22m[39m[31m[1m^[2
2m[39m[31m[1m^[22m[39m[3
1m[1m^[22m[39m[31m[1m^[2
2m[39m[31m[1m^[22m[39m[3
1m[1m^[22m[39m[31m[1m^[2
2m[39m
[31m[1m>[22m[39m[90m  8 
|[39m } [36mfrom[39m [32m"
@/lib/github"[39m[33m;[39m
 [90m    |[39m [31m[1m^[2
2m[39m[31m[1m^[22m[39m[3
1m[1m^[22m[39m[31m[1m^[2
2m[39m[31m[1m^[22m[39m[3
1m[1m^[22m[39m[31m[1m^[2
2m[39m[31m[1m^[22m[39m[3
1m[1m^[22m[39m[31m[1m^[2
2m[39m[31m[1m^[22m[39m[3
1m[1m^[22m[39m[31m[1m^[2
2m[39m[31m[1m^[22m[39m[3
1m[1m^[22m[39m[31m[1m^[2
2m[39m[31m[1m^[22m[39m[3
1m[1m^[22m[39m[31m[1m^[2
2m[39m[31m[1m^[22m[39m[3
1m[1m^[22m[39m[31m[1m^[2
2m[39m[31m[1m^[22m[39m
 [90m  9 |[39m
 [90m 10 |[39m 
[36minterface[39m 
constellationChooserProps {
 [90m 11 |[39m   currentcons
tellation[33m:[39m string 
[33m|[39m 
[36mnull[39m[33m;[39m[0m

The export 
constellation_DESCRIPTIONS 
was not found in module 
[project]/src/lib/github.ts 
[app-client] (ecmascript).
Did you mean to import 
inferconstellation?
All exports of the module are 
statically known (It doesn't 
have dynamic exports). So 
it's known statically that 
the requested export doesn't 
exist.

Import trace:
  Client Component Browser:
    ./src/components/constella
tionChooser.tsx [Client 
Component Browser]
    ./src/app/page.tsx 
[Client Component Browser]
    ./src/app/page.tsx 
[Server Component]


./src/components/constellation
Chooser.tsx:4:1
Export constellation_NAMES 
doesn't exist in target module
[0m [90m  2 |[39m
 [90m  3 |[39m 
[36mimport[39m { 
useState[33m,[39m useEffect 
} [36mfrom[39m 
[32m"react"[39m[33m;[39m
[31m[1m>[22m[39m[90m  4 
|[39m [36mimport[39m {
 [90m    |[39m [31m[1m^[2
2m[39m[31m[1m^[22m[39m[3
1m[1m^[22m[39m[31m[1m^[2
2m[39m[31m[1m^[22m[39m[3
1m[1m^[22m[39m[31m[1m^[2
2m[39m[31m[1m^[22m[39m
[31m[1m>[22m[39m[90m  5 
|[39m   
constellation_NAMES[33m,[39m
 [90m    |[39m [31m[1m^[2
2m[39m[31m[1m^[22m[39m[3
1m[1m^[22m[39m[31m[1m^[2
2m[39m[31m[1m^[22m[39m[3
1m[1m^[22m[39m[31m[1m^[2
2m[39m[31m[1m^[22m[39m[3
1m[1m^[22m[39m[31m[1m^[2
2m[39m[31m[1m^[22m[39m[3
1m[1m^[22m[39m[31m[1m^[2
2m[39m[31m[1m^[22m[39m[3
1m[1m^[22m[39m[31m[1m^[2
2m[39m[31m[1m^[22m[39m[3
1m[1m^[22m[39m[31m[1m^[2
2m[39m[31m[1m^[22m[39m[3
1m[1m^[22m[39m[31m[1m^[2
2m[39m
[31m[1m>[22m[39m[90m  6 
|[39m   constellation_COLORS
[33m,[39m
 [90m    |[39m [31m[1m^[2
2m[39m[31m[1m^[22m[39m[3
1m[1m^[22m[39m[31m[1m^[2
2m[39m[31m[1m^[22m[39m[3
1m[1m^[22m[39m[31m[1m^[2
2m[39m[31m[1m^[22m[39m[3
1m[1m^[22m[39m[31m[1m^[2
2m[39m[31m[1m^[22m[39m[3
1m[1m^[22m[39m[31m[1m^[2
2m[39m[31m[1m^[22m[39m[3
1m[1m^[22m[39m[31m[1m^[2
2m[39m[31m[1m^[22m[39m[3
1m[1m^[22m[39m[31m[1m^[2
2m[39m[31m[1m^[22m[39m[3
1m[1m^[22m[39m[31m[1m^[2
2m[39m
[31m[1m>[22m[39m[90m  7 
|[39m   constellation_DESCRIP
TIONS[33m,[39m
 [90m    |[39m [31m[1m^[2
2m[39m[31m[1m^[22m[39m[3
1m[1m^[22m[39m[31m[1m^[2
2m[39m[31m[1m^[22m[39m[3
1m[1m^[22m[39m[31m[1m^[2
2m[39m[31m[1m^[22m[39m[3
1m[1m^[22m[39m[31m[1m^[2
2m[39m[31m[1m^[22m[39m[3
1m[1m^[22m[39m[31m[1m^[2
2m[39m[31m[1m^[22m[39m[3
1m[1m^[22m[39m[31m[1m^[2
2m[39m[31m[1m^[22m[39m[3
1m[1m^[22m[39m[31m[1m^[2
2m[39m[31m[1m^[22m[39m[3
1m[1m^[22m[39m[31m[1m^[2
2m[39m
[31m[1m>[22m[39m[90m  8 
|[39m } [36mfrom[39m [32m"
@/lib/github"[39m[33m;[39m
 [90m    |[39m [31m[1m^[2
2m[39m[31m[1m^[22m[39m[3
1m[1m^[22m[39m[31m[1m^[2
2m[39m[31m[1m^[22m[39m[3
1m[1m^[22m[39m[31m[1m^[2
2m[39m[31m[1m^[22m[39m[3
1m[1m^[22m[39m[31m[1m^[2
2m[39m[31m[1m^[22m[39m[3
1m[1m^[22m[39m[31m[1m^[2
2m[39m[31m[1m^[22m[39m[3
1m[1m^[22m[39m[31m[1m^[2
2m[39m[31m[1m^[22m[39m[3
1m[1m^[22m[39m[31m[1m^[2
2m[39m[31m[1m^[22m[39m[3
1m[1m^[22m[39m[31m[1m^[2
2m[39m[31m[1m^[22m[39m
 [90m  9 |[39m
 [90m 10 |[39m 
[36minterface[39m 
constellationChooserProps {
 [90m 11 |[39m   currentcons
tellation[33m:[39m string 
[33m|[39m 
[36mnull[39m[33m;[39m[0m

The export 
constellation_NAMES was not 
found in module 
[project]/src/lib/github.ts 
[app-client] (ecmascript).
Did you mean to import 
inferconstellation?
All exports of the module are 
statically known (It doesn't 
have dynamic exports). So 
it's known statically that 
the requested export doesn't 
exist.

Import trace:
  Client Component Browser:
    ./src/components/constella
tionChooser.tsx [Client 
Component Browser]
    ./src/app/page.tsx 
[Client Component Browser]
    ./src/app/page.tsx 
[Server Component]


    at <unknown> (./src/app/de
v/[username]/page.tsx:10:1)
    at <unknown> (./src/app/de
v/[username]/page.tsx:10:1)
    at <unknown> (./src/app/sh
op/[username]/page.tsx:9:1)
    at <unknown> (./src/compon
ents/constellationChooser.tsx:
4:1)
    at <unknown> (./src/compon
ents/constellationChooser.tsx:
4:1)
    at <unknown> (./src/compon
ents/constellationChooser.tsx:
4:1)
