src/app/page.tsx(1621,36): error TS2339: Property 'custom_color' does not exist on type 'CompanyRecord'.
src/app/page.tsx(1622,40): error TS2339: Property 'billboard_images' does not exist on type 'CompanyRecord'.
src/app/page.tsx(1629,52): error TS2339: Property 'xp_total' does not exist on type 'CompanyRecord'.
src/app/page.tsx(1898,34): error TS2304: Cannot find name 'companies'.
src/app/page.tsx(2177,31): error TS2552: Cannot find name 'lastconstellationRef'. Did you mean 'lastConstellationRef'?
src/app/page.tsx(4686,11): error TS2769: No overload matches this call.
  Overload 1 of 2, '(props: ConstellationChooserProps, context?: any): string | number | bigint | boolean | ReactElement<unknown, string | JSXElementConstructor<any>> | ... 4 more ... | undefined', gave the following error.
    Type '{ currentConstellation: string | null; inferredConstellation: string | null; onClose: () => void; onChosen: (constellationId: string) => void; }' is not assignable to type 'IntrinsicAttributes & ConstellationChooserProps'.
      Property 'currentConstellation' does not exist on type 'IntrinsicAttributes & ConstellationChooserProps'. Did you mean 'currentconstellation'?
  Overload 2 of 2, '(props: ConstellationChooserProps): string | number | bigint | boolean | ReactElement<unknown, string | JSXElementConstructor<any>> | ... 4 more ... | undefined', gave the following error.
    Type '{ currentConstellation: string | null; inferredConstellation: string | null; onClose: () => void; onChosen: (constellationId: string) => void; }' is not assignable to type 'IntrinsicAttributes & ConstellationChooserProps'.
      Property 'currentConstellation' does not exist on type 'IntrinsicAttributes & ConstellationChooserProps'. Did you mean 'currentconstellation'?
src/app/wallpaper/page.tsx(8,8): error TS2724: '"@/lib/github"' has no exported member named 'Universeplanet'. Did you mean 'UniversePlanet'?
src/app/wallpaper/page.tsx(9,8): error TS2724: '"@/lib/github"' has no exported member named 'UniversePlaza'. Did you mean 'UniversePlanet'?
src/app/wallpaper/page.tsx(10,8): error TS2305: Module '"@/lib/github"' has no exported member 'UniverseDecoration'.
src/app/wallpaper/page.tsx(11,8): error TS2305: Module '"@/lib/github"' has no exported member 'UniverseRiver'.
src/app/wallpaper/page.tsx(12,8): error TS2305: Module '"@/lib/github"' has no exported member 'UniverseBridge'.
src/app/wallpaper/page.tsx(101,7): error TS2769: No overload matches this call.
  Overload 1 of 2, '(props: { companies: CompanyRecord[]; }, context?: any): string | number | bigint | boolean | ReactElement<unknown, string | JSXElementConstructor<any>> | ... 4 more ... | undefined', gave the following error.
    Type '{ planets: Universeplanet[]; plazas: UniversePlaza[]; decorations: UniverseDecoration[]; river: any; bridges: UniverseBridge[]; flyMode: boolean; onExitFly: () => void; themeIndex: number; introMode: boolean; wallpaperMode: true; wallpaperSpeed: number; }' is not assignable to type 'IntrinsicAttributes & { companies: CompanyRecord[]; }'.
      Property 'planets' does not exist on type 'IntrinsicAttributes & { companies: CompanyRecord[]; }'.
  Overload 2 of 2, '(props: { companies: CompanyRecord[]; }): string | number | bigint | boolean | ReactElement<unknown, string | JSXElementConstructor<any>> | ... 4 more ... | undefined', gave the following error.
    Type '{ planets: Universeplanet[]; plazas: UniversePlaza[]; decorations: UniverseDecoration[]; river: any; bridges: UniverseBridge[]; flyMode: boolean; onExitFly: () => void; themeIndex: number; introMode: boolean; wallpaperMode: true; wallpaperSpeed: number; }' is not assignable to type 'IntrinsicAttributes & { companies: CompanyRecord[]; }'.
      Property 'planets' does not exist on type 'IntrinsicAttributes & { companies: CompanyRecord[]; }'.
src/components/CityScene.tsx(203,22): error TS2552: Cannot find name 'focusedplanetData'. Did you mean 'focusedPlanetData'?
src/components/CityScene.tsx(204,27): error TS2552: Cannot find name 'focusedplanetData'. Did you mean 'focusedPlanetData'?
src/components/CityScene.tsx(204,61): error TS2552: Cannot find name 'focusedplanetData'. Did you mean 'focusedPlanetData'?
src/components/CityScene.tsx(206,21): error TS2552: Cannot find name 'focusedplanetData'. Did you mean 'focusedPlanetData'?
src/components/CityScene.tsx(207,20): error TS2552: Cannot find name 'focusedplanetData'. Did you mean 'focusedPlanetData'?
src/components/CityScene.tsx(208,20): error TS2304: Cannot find name 'focusedplanetData'.
src/components/CityScene.tsx(214,22): error TS2552: Cannot find name 'focusedplanetBData'. Did you mean 'focusedPlanetBData'?
src/components/CityScene.tsx(214,44): error TS2552: Cannot find name 'focusedplanetBData'. Did you mean 'focusedPlanetBData'?
src/components/CityScene.tsx(214,67): error TS2552: Cannot find name 'focusedplanetData'. Did you mean 'focusedPlanetData'?
src/components/CityScene.tsx(215,27): error TS2552: Cannot find name 'focusedplanetBData'. Did you mean 'focusedPlanetBData'?
src/components/CityScene.tsx(215,62): error TS2552: Cannot find name 'focusedplanetBData'. Did you mean 'focusedPlanetBData'?
src/components/CityScene.tsx(217,21): error TS2304: Cannot find name 'focusedplanetBData'.
src/components/CityScene.tsx(218,20): error TS2304: Cannot find name 'focusedplanetBData'.
src/components/CityScene.tsx(219,20): error TS2304: Cannot find name 'focusedplanetBData'.
src/components/ComparePath.tsx(7,15): error TS2724: '"@/lib/github"' has no exported member named 'Universeplanet'. Did you mean 'UniversePlanet'?
src/components/Starfield.tsx(49,10): error TS2741: Property 'args' is missing in type '{ attach: string; count: number; array: Float32Array<ArrayBuffer>; itemSize: number; }' but required in type 'Mutable<Overwrite<Partial<Overwrite<BufferAttribute, MathProps<BufferAttribute> & ReactProps<BufferAttribute>>>, Omit<...>>>'.
src/components/Starfield.tsx(55,10): error TS2741: Property 'args' is missing in type '{ attach: string; count: number; array: Float32Array<ArrayBuffer>; itemSize: number; }' but required in type 'Mutable<Overwrite<Partial<Overwrite<BufferAttribute, MathProps<BufferAttribute> & ReactProps<BufferAttribute>>>, Omit<...>>>'.
