src/app/page.tsx(1102,22): error TS2345: Argument of type '{ stats: any; rawcompanies: CompanyRecord[]; planets: UniversePlanet[]; plazas: SpacePlaza[]; decorations: SpaceDecoration[]; river: SpaceRiver; bridges: SpaceBridge[]; GalaxyZones: GalaxyZone[]; }' is not assignable to parameter of type 'Omit<UniverseCache, "timestamp">'.
  Property 'constellationZones' is missing in type '{ stats: any; rawcompanies: CompanyRecord[]; planets: UniversePlanet[]; plazas: SpacePlaza[]; decorations: SpaceDecoration[]; river: SpaceRiver; bridges: SpaceBridge[]; GalaxyZones: GalaxyZone[]; }' but required in type 'Omit<UniverseCache, "timestamp">'.
src/app/page.tsx(1137,29): error TS2339: Property 'GalaxyZones' does not exist on type 'UniverseCache'.
src/app/page.tsx(1270,26): error TS2345: Argument of type '{ stats: any; rawcompanies: CompanyRecord[]; planets: UniversePlanet[]; plazas: SpacePlaza[]; decorations: SpaceDecoration[]; river: SpaceRiver; bridges: SpaceBridge[]; GalaxyZones: GalaxyZone[]; }' is not assignable to parameter of type 'Omit<UniverseCache, "timestamp">'.
  Property 'constellationZones' is missing in type '{ stats: any; rawcompanies: CompanyRecord[]; planets: UniversePlanet[]; plazas: SpacePlaza[]; decorations: SpaceDecoration[]; river: SpaceRiver; bridges: SpaceBridge[]; GalaxyZones: GalaxyZone[]; }' but required in type 'Omit<UniverseCache, "timestamp">'.
src/app/page.tsx(1362,48): error TS2552: Cannot find name 'companyRecord'. Did you mean 'CompanyRecord'?
src/app/page.tsx(1388,28): error TS2345: Argument of type '{ stats: UniverseStats; rawcompanies: CompanyRecord[]; planets: UniversePlanet[]; plazas: SpacePlaza[]; decorations: SpaceDecoration[]; river: SpaceRiver; bridges: SpaceBridge[]; GalaxyZones: GalaxyZone[]; }' is not assignable to parameter of type 'Omit<UniverseCache, "timestamp">'.
  Property 'constellationZones' is missing in type '{ stats: UniverseStats; rawcompanies: CompanyRecord[]; planets: UniversePlanet[]; plazas: SpacePlaza[]; decorations: SpaceDecoration[]; river: SpaceRiver; bridges: SpaceBridge[]; GalaxyZones: GalaxyZone[]; }' but required in type 'Omit<UniverseCache, "timestamp">'.
src/app/page.tsx(1434,46): error TS2552: Cannot find name 'companyRecord'. Did you mean 'CompanyRecord'?
src/app/page.tsx(1460,26): error TS2345: Argument of type '{ stats: UniverseStats; rawcompanies: CompanyRecord[]; planets: UniversePlanet[]; plazas: SpacePlaza[]; decorations: SpaceDecoration[]; river: SpaceRiver; bridges: SpaceBridge[]; GalaxyZones: GalaxyZone[]; }' is not assignable to parameter of type 'Omit<UniverseCache, "timestamp">'.
  Property 'constellationZones' is missing in type '{ stats: UniverseStats; rawcompanies: CompanyRecord[]; planets: UniversePlanet[]; plazas: SpacePlaza[]; decorations: SpaceDecoration[]; river: SpaceRiver; bridges: SpaceBridge[]; GalaxyZones: GalaxyZone[]; }' but required in type 'Omit<UniverseCache, "timestamp">'.
src/app/page.tsx(1496,39): error TS2304: Cannot find name 'CompanyPlanet'.
src/app/page.tsx(1497,39): error TS2304: Cannot find name 'CompanyPlanet'.
src/app/page.tsx(1609,27): error TS2304: Cannot find name 'CompanyPlanet'.
src/app/page.tsx(1621,36): error TS2339: Property 'custom_color' does not exist on type 'CompanyRecord'.
src/app/page.tsx(1622,40): error TS2339: Property 'billboard_images' does not exist on type 'CompanyRecord'.
src/app/page.tsx(1629,52): error TS2339: Property 'xp_total' does not exist on type 'CompanyRecord'.
src/app/page.tsx(1645,24): error TS2345: Argument of type '{ stats: UniverseStats; rawcompanies: CompanyRecord[]; planets: UniversePlanet[]; plazas: SpacePlaza[]; decorations: SpaceDecoration[]; river: SpaceRiver; bridges: SpaceBridge[]; GalaxyZones: GalaxyZone[]; }' is not assignable to parameter of type 'Omit<UniverseCache, "timestamp">'.
  Property 'constellationZones' is missing in type '{ stats: UniverseStats; rawcompanies: CompanyRecord[]; planets: UniversePlanet[]; plazas: SpacePlaza[]; decorations: SpaceDecoration[]; river: SpaceRiver; bridges: SpaceBridge[]; GalaxyZones: GalaxyZone[]; }' but required in type 'Omit<UniverseCache, "timestamp">'.
src/app/page.tsx(1665,13): error TS2304: Cannot find name 'CompanyPlanet'.
src/app/page.tsx(1898,34): error TS2304: Cannot find name 'companies'.
src/app/page.tsx(3846,60): error TS2304: Cannot find name 'CompanyPlanet'.
src/app/page.tsx(3856,22): error TS7053: Element implicitly has an 'any' type because expression of type 'string | number | symbol' can't be used to index type 'UniversePlanet'.
  No index signature with a parameter of type 'string' was found on type 'UniversePlanet'.
src/app/page.tsx(3857,22): error TS7053: Element implicitly has an 'any' type because expression of type 'string | number | symbol' can't be used to index type 'UniversePlanet'.
  No index signature with a parameter of type 'string' was found on type 'UniversePlanet'.
src/app/page.tsx(3939,23): error TS2322: Type 'string | number | symbol' is not assignable to type 'Key | null | undefined'.
  Type 'symbol' is not assignable to type 'Key | null | undefined'.
src/app/page.tsx(4685,9): error TS2339: Property 'constellationChooser' does not exist on type 'JSX.IntrinsicElements'.
src/app/page.tsx(4689,22): error TS7006: Parameter 'constellationId' implicitly has an 'any' type.
src/app/wallpaper/page.tsx(8,8): error TS2724: '"@/lib/github"' has no exported member named 'Universeplanet'. Did you mean 'UniversePlanet'?
src/app/wallpaper/page.tsx(9,8): error TS2724: '"@/lib/github"' has no exported member named 'UniversePlaza'. Did you mean 'UniversePlanet'?
src/app/wallpaper/page.tsx(10,8): error TS2305: Module '"@/lib/github"' has no exported member 'UniverseDecoration'.
src/app/wallpaper/page.tsx(11,8): error TS2305: Module '"@/lib/github"' has no exported member 'UniverseRiver'.
src/app/wallpaper/page.tsx(12,8): error TS2305: Module '"@/lib/github"' has no exported member 'UniverseBridge'.
src/app/wallpaper/page.tsx(101,7): error TS2769: No overload matches this call.
  Overload 1 of 2, '(props: { companies: CompanyRecord[]; }, context?: any): string | number | bigint | boolean | ReactElement<unknown, string | JSXElementConstructor<any>> | ... 4 more ... | undefined', gave the following error.
    Type '{ planets: Universeplanet[]; plazas: UniversePlaza[]; decorations: UniverseDecoration[]; river: any; bridges: UniverseBridge[]; flyMode: boolean; onExitFly: () => void; themeIndex: number; introMode: boolean; wallpaperMode: true; wallpaperSpeed: number; }' is not assignable to type 'IntrinsicAttributes & { companies: CompanyRecord[]; }'.
      Property 'planets' does not exist on type 'IntrinsicAttributes & { companies: CompanyRecord[]; }'.
  Overload 2 of 2, '(props: { companies: CompanyRecord[]; }): string | number | bigint | boolean | ReactElement<unknown, string | JSXElementConstructor<any>> | ... 4 more ... | undefined', gave the following error.
    Type '{ planets: Universeplanet[]; plazas: UniversePlaza[]; decorations: UniverseDecoration[]; river: any; bridges: UniverseBridge[]; flyMode: boolean; onExitFly: () => void; themeIndex: number; introMode: boolean; wallpaperMode: true; wallpaperSpeed: number; }' is not assignable to type 'IntrinsicAttributes & { companies: CompanyRecord[]; }'.
      Property 'planets' does not exist on type 'IntrinsicAttributes & { companies: CompanyRecord[]; }'.
src/components/CityCanvas.tsx(8,27): error TS2307: Cannot find module './UniverseScene' or its corresponding type declarations.
src/components/CityCanvas.tsx(9,32): error TS2307: Cannot find module './UniverseScene' or its corresponding type declarations.
src/components/CityCanvas.tsx(11,15): error TS2724: '"@/lib/github"' has no exported member named 'Universeplanet'. Did you mean 'UniversePlanet'?
src/components/CityCanvas.tsx(11,31): error TS2724: '"@/lib/github"' has no exported member named 'UniversePlaza'. Did you mean 'UniversePlanet'?
src/components/CityCanvas.tsx(11,46): error TS2305: Module '"@/lib/github"' has no exported member 'UniverseDecoration'.
src/components/CityCanvas.tsx(11,66): error TS2305: Module '"@/lib/github"' has no exported member 'UniverseRiver'.
src/components/CityCanvas.tsx(11,81): error TS2305: Module '"@/lib/github"' has no exported member 'UniverseBridge'.
src/components/CityCanvas.tsx(14,23): error TS1261: Already included file name 'C:/Users/Administrator/grupomaiauniverse/src/components/planetAds.tsx' differs from file name 'C:/Users/Administrator/grupomaiauniverse/src/components/PlanetAds.tsx' only in casing.
  The file is in the program because:
    Imported via "./planetAds" from file 'C:/Users/Administrator/grupomaiauniverse/src/components/CityCanvas.tsx'
    Matched by include pattern '**/*.tsx' in 'tsconfig.json'
src/components/CityCanvas.tsx(2159,11): error TS2339: Property 'planetAds' does not exist on type 'JSX.IntrinsicElements'.
src/components/CityScene.tsx(7,30): error TS1149: File name 'C:/Users/Administrator/grupomaiauniverse/src/components/Instancedplanets.tsx' differs from already included file name 'C:/Users/Administrator/grupomaiauniverse/src/components/InstancedPlanets.tsx' only in casing.
  The file is in the program because:
    Imported via "./InstancedPlanets" from file 'C:/Users/Administrator/grupomaiauniverse/src/components/UniverseCanvas.tsx'
    Imported via "./Instancedplanets" from file 'C:/Users/Administrator/grupomaiauniverse/src/components/CityScene.tsx'
    Matched by include pattern '**/*.tsx' in 'tsconfig.json'
src/components/CityScene.tsx(12,15): error TS2724: '"@/lib/github"' has no exported member named 'Universeplanet'. Did you mean 'UniversePlanet'?
src/components/CityScene.tsx(13,15): error TS2614: Module '"./UniverseCanvas"' has no exported member 'planetColors'. Did you mean to use 'import planetColors from "./UniverseCanvas"' instead?
src/components/CityScene.tsx(165,9): error TS2322: Type '{ planets: Universeplanet[]; colors: planetColors; atlasTexture: CanvasTexture<HTMLCanvasElement>; focusedplanet: string | null | undefined; focusedplanetB: string | null | undefined; ... 4 more ...; UniverseEnergy: number | undefined; }' is not assignable to type 'IntrinsicAttributes & InstancedplanetsProps'.
  Property 'focusedplanet' does not exist on type 'IntrinsicAttributes & InstancedplanetsProps'. Did you mean 'focusedPlanet'?
src/components/CityScene.tsx(194,9): error TS2322: Type '{ planets: Universeplanet[]; grid: GridIndex; colors: planetColors; accentColor: any; focusedplanet: string | null | undefined; focusedplanetB: string | null | undefined; hideEffectsFor: string | null | undefined; introMode: boolean | undefined; flyMode: boolean | undefined; ghostPreviewLogin: string | ... 1 more .....' is not assignable to type 'IntrinsicAttributes & EffectsLayerProps'.
  Property 'focusedplanet' does not exist on type 'IntrinsicAttributes & EffectsLayerProps'. Did you mean 'focusedPlanet'?
src/components/ComparePath.tsx(7,15): error TS2724: '"@/lib/github"' has no exported member named 'Universeplanet'. Did you mean 'UniversePlanet'?
src/components/EffectsLayer.tsx(5,15): error TS2724: '"@/lib/github"' has no exported member named 'Universeplanet'. Did you mean 'UniversePlanet'?
src/components/EffectsLayer.tsx(6,15): error TS2614: Module '"./UniverseCanvas"' has no exported member 'planetColors'. Did you mean to use 'import planetColors from "./UniverseCanvas"' instead?
src/components/EffectsLayer.tsx(33,7): error TS2339: Property 'planetItemEffects' does not exist on type 'JSX.IntrinsicElements'.
src/components/InstancedPlanets.tsx(7,15): error TS2614: Module '"./UniverseCanvas"' has no exported member 'planetColors'. Did you mean to use 'import planetColors from "./UniverseCanvas"' instead?
src/components/planet3D.tsx(7,15): error TS2614: Module '"./UniverseCanvas"' has no exported member 'planetColors'. Did you mean to use 'import planetColors from "./UniverseCanvas"' instead?
src/components/planet3D.tsx(368,55): error TS2339: Property 'billboard_images' does not exist on type 'UniversePlanet'.
src/components/planet3D.tsx(650,7): error TS2339: Property 'planetRiseAnimation' does not exist on type 'JSX.IntrinsicElements'.
src/components/planet3D.tsx(662,9): error TS2339: Property 'planetItemEffects' does not exist on type 'JSX.IntrinsicElements'.
src/components/Starfield.tsx(49,10): error TS2741: Property 'args' is missing in type '{ attach: string; count: number; array: Float32Array<ArrayBuffer>; itemSize: number; }' but required in type 'Mutable<Overwrite<Partial<Overwrite<BufferAttribute, MathProps<BufferAttribute> & ReactProps<BufferAttribute>>>, Omit<...>>>'.
src/components/Starfield.tsx(55,10): error TS2741: Property 'args' is missing in type '{ attach: string; count: number; array: Float32Array<ArrayBuffer>; itemSize: number; }' but required in type 'Mutable<Overwrite<Partial<Overwrite<BufferAttribute, MathProps<BufferAttribute> & ReactProps<BufferAttribute>>>, Omit<...>>>'.
src/components/UniverseCanvas.tsx(25,27): error TS2322: Type 'CompanyPlanet[]' is not assignable to type 'UniversePlanet[]'.
  Type 'CompanyPlanet' is missing the following properties from type 'UniversePlanet': login, rank, contributions, total_stars, and 25 more.
src/components/UniverseCanvas.tsx(37,25): error TS2322: Type '{ children: Element; disableNormalPass: true; }' is not assignable to type 'IntrinsicAttributes & EffectComposerProps & RefAttributes<EffectComposer>'.
  Property 'disableNormalPass' does not exist on type 'IntrinsicAttributes & EffectComposerProps & RefAttributes<EffectComposer>'. Did you mean 'enableNormalPass'?
src/lib/github.ts(203,19): error TS2362: The left-hand side of an arithmetic operation must be of type 'any', 'number', 'bigint' or an enum type.
src/lib/github.ts(530,73): error TS2304: Cannot find name 'CompanyPlanet'.
src/lib/github.ts(550,28): error TS2339: Property 'yield_percent' does not exist on type 'CompanyRecord'.
src/lib/github.ts(806,49): error TS2353: Object literal may only specify known properties, and 'yield_percent' does not exist in type 'CompanyRecord'.
src/lib/solarSystem.ts(85,23): error TS2339: Property 'yield_percent' does not exist on type 'CompanyRecord'.
src/lib/solarSystem.ts(86,26): error TS2339: Property 'yield_percent' does not exist on type 'CompanyRecord'.
