[    1050ms] [INFO] %cDownload the React DevTools for a better development experience: https://react.dev/link/react-devtools font-weight:bold @ http://localhost:3001/_next/static/chunks/node_modules_next_dist_f3530cac._.js:2297
[    1523ms] [LOG] [HMR] connected @ http://localhost:3001/_next/static/chunks/node_modules_next_dist_f3530cac._.js:2297
[    1707ms] [LOG] %c[Vercel Web Analytics]%c Debug mode is enabled by default in development. No requests will be sent to the server. color: rgb(120, 120, 120) color: inherit @ http://localhost:3001/_next/static/chunks/node_modules_next_dist_f3530cac._.js:2297
[    1709ms] [LOG] %c[Vercel Web Analytics]%c Running queued event color: rgb(120, 120, 120) color: inherit pageview {route: /intro, path: /intro} @ http://localhost:3001/_next/static/chunks/node_modules_next_dist_f3530cac._.js:2297
[    1710ms] [LOG] %c[Vercel Web Analytics]%c [view] http://localhost:3001/intro color: rgb(120, 120, 120) color: inherit {o: http://localhost:3001/intro, sv: 0.1.3, sdkn: @vercel/analytics/next, sdkv: 1.6.1, ts: 1786758910303} /_vercel/insights/view @ http://localhost:3001/_next/static/chunks/node_modules_next_dist_f3530cac._.js:2297
[    1713ms] [LOG] %c[Vercel Speed Insights]%c Debug mode is enabled by default in development. No requests will be sent to the server. color: rgb(120, 120, 120) color: inherit @ http://localhost:3001/_next/static/chunks/node_modules_next_dist_f3530cac._.js:2297
[   22643ms] [LOG] %c[Vercel Web Analytics]%c [event] maia_editorial_intro_started color: rgb(120, 120, 120) color: inherit {o: http://localhost:3001/intro, sv: 0.1.3, sdkn: @vercel/analytics/next, sdkv: 1.6.1, ts: 1786758931236} /_vercel/insights/event @ http://localhost:3001/_next/static/chunks/node_modules_next_dist_f3530cac._.js:2297
[   23353ms] [LOG] [Fast Refresh] rebuilding @ http://localhost:3001/_next/static/chunks/node_modules_next_dist_f3530cac._.js:2297
[   23601ms] [LOG] [Fast Refresh] done in 348ms @ http://localhost:3001/_next/static/chunks/node_modules_next_dist_f3530cac._.js:2297
[   38518ms] [LOG] [Fast Refresh] rebuilding @ http://localhost:3001/_next/static/chunks/node_modules_next_dist_f3530cac._.js:2297
[   38985ms] [LOG] [Fast Refresh] done in 576ms @ http://localhost:3001/_next/static/chunks/node_modules_next_dist_f3530cac._.js:2297
[   64428ms] [LOG] %c[Vercel Web Analytics]%c [event] maia_editorial_intro_finished color: rgb(120, 120, 120) color: inherit {o: http://localhost:3001/intro, sv: 0.1.3, sdkn: @vercel/analytics/next, sdkv: 1.6.1, ts: 1786758973014} /_vercel/insights/event @ http://localhost:3001/_next/static/chunks/node_modules_next_dist_f3530cac._.js:2297
[   65095ms] [LOG] [Fast Refresh] rebuilding @ http://localhost:3001/_next/static/chunks/node_modules_next_dist_f3530cac._.js:2297
[   65705ms] [LOG] [Fast Refresh] done in 712ms @ http://localhost:3001/_next/static/chunks/node_modules_next_dist_f3530cac._.js:2297
[   66235ms] [INFO] %cDownload the React DevTools for a better development experience: https://react.dev/link/react-devtools font-weight:bold @ http://localhost:3001/_next/static/chunks/node_modules_next_dist_f3530cac._.js:2297
[   66283ms] [LOG] [HMR] connected @ http://localhost:3001/_next/static/chunks/node_modules_next_dist_f3530cac._.js:2297
[   66510ms] [LOG] [Fast Refresh] rebuilding @ http://localhost:3001/_next/static/chunks/node_modules_next_dist_f3530cac._.js:2297
[   66513ms] [LOG] %c[Vercel Web Analytics]%c Debug mode is enabled by default in development. No requests will be sent to the server. color: rgb(120, 120, 120) color: inherit @ http://localhost:3001/_next/static/chunks/node_modules_next_dist_f3530cac._.js:2297
[   66513ms] [LOG] %c[Vercel Web Analytics]%c Running queued event color: rgb(120, 120, 120) color: inherit pageview {route: /, path: /} @ http://localhost:3001/_next/static/chunks/node_modules_next_dist_f3530cac._.js:2297
[   66514ms] [LOG] %c[Vercel Web Analytics]%c [view] http://localhost:3001/ color: rgb(120, 120, 120) color: inherit {o: http://localhost:3001/, sv: 0.1.3, sdkn: @vercel/analytics/next, sdkv: 1.6.1, ts: 1786758975107} /_vercel/insights/view @ http://localhost:3001/_next/static/chunks/node_modules_next_dist_f3530cac._.js:2297
[   66515ms] [LOG] %c[Vercel Speed Insights]%c Debug mode is enabled by default in development. No requests will be sent to the server. color: rgb(120, 120, 120) color: inherit @ http://localhost:3001/_next/static/chunks/node_modules_next_dist_f3530cac._.js:2297
[   66601ms] [LOG] [Fast Refresh] done in 197ms @ http://localhost:3001/_next/static/chunks/node_modules_next_dist_f3530cac._.js:2297
[   66631ms] [ERROR] Failed to load resource: the server responded with a status of 404 () @ https://api.github.com/repos/leonardomaia253/lmf-universe:0
[   66928ms] [LOG] [Fast Refresh] rebuilding @ http://localhost:3001/_next/static/chunks/node_modules_next_dist_f3530cac._.js:2297
[   67020ms] [ERROR] Failed to load resource: the server responded with a status of 400 () @ https://wjvrcwvnznkisoerngal.supabase.co/storage/v1/object/public/Universe-data/snapshot.json?v=5955863:0
[   70575ms] [LOG] [Fast Refresh] done in 3747ms @ http://localhost:3001/_next/static/chunks/node_modules_next_dist_f3530cac._.js:2297
[   70699ms] [LOG] [Fast Refresh] rebuilding @ http://localhost:3001/_next/static/chunks/node_modules_next_dist_f3530cac._.js:2297
[   70757ms] [LOG] [Fast Refresh] done in 159ms @ http://localhost:3001/_next/static/chunks/node_modules_next_dist_f3530cac._.js:2297
[   71407ms] [WARNING] WebGL: INVALID_OPERATION: drawArrays: no buffer is bound to enabled attribute @ http://localhost:3001/_next/static/chunks/node_modules_cobe_dist_index_esm_12980c51.js:267
[   71426ms] [WARNING] WebGL: INVALID_OPERATION: drawArrays: no buffer is bound to enabled attribute @ http://localhost:3001/_next/static/chunks/node_modules_cobe_dist_index_esm_12980c51.js:267
[   71444ms] [WARNING] WebGL: INVALID_OPERATION: drawArrays: no buffer is bound to enabled attribute @ http://localhost:3001/_next/static/chunks/node_modules_cobe_dist_index_esm_12980c51.js:267
[   71462ms] [WARNING] WebGL: INVALID_OPERATION: drawArrays: no buffer is bound to enabled attribute @ http://localhost:3001/_next/static/chunks/node_modules_cobe_dist_index_esm_12980c51.js:267
[   71480ms] [WARNING] WebGL: INVALID_OPERATION: drawArrays: no buffer is bound to enabled attribute @ http://localhost:3001/_next/static/chunks/node_modules_cobe_dist_index_esm_12980c51.js:267
[   71497ms] [WARNING] WebGL: INVALID_OPERATION: drawArrays: no buffer is bound to enabled attribute @ http://localhost:3001/_next/static/chunks/node_modules_cobe_dist_index_esm_12980c51.js:267
[   71515ms] [WARNING] WebGL: INVALID_OPERATION: drawArrays: no buffer is bound to enabled attribute @ http://localhost:3001/_next/static/chunks/node_modules_cobe_dist_index_esm_12980c51.js:267
[   71532ms] [WARNING] WebGL: INVALID_OPERATION: drawArrays: no buffer is bound to enabled attribute @ http://localhost:3001/_next/static/chunks/node_modules_cobe_dist_index_esm_12980c51.js:267
[   73471ms] [LOG] [Fast Refresh] rebuilding @ http://localhost:3001/_next/static/chunks/node_modules_next_dist_f3530cac._.js:2297
[   73474ms] [LOG] [Fast Refresh] done in 2710ms @ http://localhost:3001/_next/static/chunks/node_modules_next_dist_f3530cac._.js:2297
[   73485ms] [WARNING] [.WebGL-0x446c056f5200]GL Driver Message (OpenGL, Performance, GL_CLOSE_PATH_NV, High): GPU stall due to ReadPixels @ http://localhost:3001/:0
[   73485ms] [WARNING] [.WebGL-0x446c056fac00]GL Driver Message (OpenGL, Performance, GL_CLOSE_PATH_NV, High): GPU stall due to ReadPixels @ http://localhost:3001/:0
[   73485ms] [WARNING] [.WebGL-0x446c056f7000]GL Driver Message (OpenGL, Performance, GL_CLOSE_PATH_NV, High): GPU stall due to ReadPixels @ http://localhost:3001/:0
[   73485ms] [WARNING] [.WebGL-0x446c056fa000]GL Driver Message (OpenGL, Performance, GL_CLOSE_PATH_NV, High): GPU stall due to ReadPixels (this message will no longer repeat) @ http://localhost:3001/:0
[   73992ms] [WARNING] WebGL: INVALID_OPERATION: drawArrays: no buffer is bound to enabled attribute @ http://localhost:3001/_next/static/chunks/node_modules_cobe_dist_index_esm_12980c51.js:267
[   73998ms] [WARNING] WebGL: INVALID_OPERATION: drawArrays: no buffer is bound to enabled attribute @ http://localhost:3001/_next/static/chunks/node_modules_cobe_dist_index_esm_12980c51.js:267
[   74004ms] [WARNING] WebGL: INVALID_OPERATION: drawArrays: no buffer is bound to enabled attribute @ http://localhost:3001/_next/static/chunks/node_modules_cobe_dist_index_esm_12980c51.js:267
[   74010ms] [WARNING] WebGL: INVALID_OPERATION: drawArrays: no buffer is bound to enabled attribute @ http://localhost:3001/_next/static/chunks/node_modules_cobe_dist_index_esm_12980c51.js:267
[   74015ms] [WARNING] WebGL: INVALID_OPERATION: drawArrays: no buffer is bound to enabled attribute @ http://localhost:3001/_next/static/chunks/node_modules_cobe_dist_index_esm_12980c51.js:267
[   74021ms] [WARNING] WebGL: INVALID_OPERATION: drawArrays: no buffer is bound to enabled attribute @ http://localhost:3001/_next/static/chunks/node_modules_cobe_dist_index_esm_12980c51.js:267
[   74026ms] [WARNING] WebGL: INVALID_OPERATION: drawArrays: no buffer is bound to enabled attribute @ http://localhost:3001/_next/static/chunks/node_modules_cobe_dist_index_esm_12980c51.js:267
[   74032ms] [WARNING] WebGL: INVALID_OPERATION: drawArrays: no buffer is bound to enabled attribute @ http://localhost:3001/_next/static/chunks/node_modules_cobe_dist_index_esm_12980c51.js:267
[   76394ms] [WARNING] WebGL: INVALID_OPERATION: drawArrays: no buffer is bound to enabled attribute @ http://localhost:3001/_next/static/chunks/node_modules_cobe_dist_index_esm_12980c51.js:267
[   76410ms] [WARNING] WebGL: INVALID_OPERATION: drawArrays: no buffer is bound to enabled attribute @ http://localhost:3001/_next/static/chunks/node_modules_cobe_dist_index_esm_12980c51.js:267
[   76426ms] [WARNING] WebGL: INVALID_OPERATION: drawArrays: no buffer is bound to enabled attribute @ http://localhost:3001/_next/static/chunks/node_modules_cobe_dist_index_esm_12980c51.js:267
[   76442ms] [WARNING] WebGL: INVALID_OPERATION: drawArrays: no buffer is bound to enabled attribute @ http://localhost:3001/_next/static/chunks/node_modules_cobe_dist_index_esm_12980c51.js:267
[   76457ms] [WARNING] WebGL: INVALID_OPERATION: drawArrays: no buffer is bound to enabled attribute @ http://localhost:3001/_next/static/chunks/node_modules_cobe_dist_index_esm_12980c51.js:267
[   76472ms] [WARNING] WebGL: INVALID_OPERATION: drawArrays: no buffer is bound to enabled attribute @ http://localhost:3001/_next/static/chunks/node_modules_cobe_dist_index_esm_12980c51.js:267
[   76488ms] [WARNING] WebGL: INVALID_OPERATION: drawArrays: no buffer is bound to enabled attribute @ http://localhost:3001/_next/static/chunks/node_modules_cobe_dist_index_esm_12980c51.js:267
[   76506ms] [WARNING] WebGL: INVALID_OPERATION: drawArrays: no buffer is bound to enabled attribute @ http://localhost:3001/_next/static/chunks/node_modules_cobe_dist_index_esm_12980c51.js:267
[  130891ms] [WARNING] WebGL: INVALID_OPERATION: drawArrays: no buffer is bound to enabled attribute @ http://localhost:3001/_next/static/chunks/node_modules_cobe_dist_index_esm_12980c51.js:267
[  130897ms] [WARNING] WebGL: INVALID_OPERATION: drawArrays: no buffer is bound to enabled attribute @ http://localhost:3001/_next/static/chunks/node_modules_cobe_dist_index_esm_12980c51.js:267
[  130904ms] [WARNING] WebGL: INVALID_OPERATION: drawArrays: no buffer is bound to enabled attribute @ http://localhost:3001/_next/static/chunks/node_modules_cobe_dist_index_esm_12980c51.js:267
[  130910ms] [WARNING] WebGL: INVALID_OPERATION: drawArrays: no buffer is bound to enabled attribute @ http://localhost:3001/_next/static/chunks/node_modules_cobe_dist_index_esm_12980c51.js:267
[  130917ms] [WARNING] WebGL: INVALID_OPERATION: drawArrays: no buffer is bound to enabled attribute @ http://localhost:3001/_next/static/chunks/node_modules_cobe_dist_index_esm_12980c51.js:267
[  130924ms] [WARNING] WebGL: INVALID_OPERATION: drawArrays: no buffer is bound to enabled attribute @ http://localhost:3001/_next/static/chunks/node_modules_cobe_dist_index_esm_12980c51.js:267
[  130931ms] [WARNING] WebGL: INVALID_OPERATION: drawArrays: no buffer is bound to enabled attribute @ http://localhost:3001/_next/static/chunks/node_modules_cobe_dist_index_esm_12980c51.js:267
[  130940ms] [WARNING] WebGL: INVALID_OPERATION: drawArrays: no buffer is bound to enabled attribute @ http://localhost:3001/_next/static/chunks/node_modules_cobe_dist_index_esm_12980c51.js:267
[  144273ms] [WARNING] WebGL: INVALID_OPERATION: drawArrays: no buffer is bound to enabled attribute @ http://localhost:3001/_next/static/chunks/node_modules_cobe_dist_index_esm_12980c51.js:267
[  144295ms] [WARNING] WebGL: INVALID_OPERATION: drawArrays: no buffer is bound to enabled attribute @ http://localhost:3001/_next/static/chunks/node_modules_cobe_dist_index_esm_12980c51.js:267
[  144311ms] [WARNING] WebGL: INVALID_OPERATION: drawArrays: no buffer is bound to enabled attribute @ http://localhost:3001/_next/static/chunks/node_modules_cobe_dist_index_esm_12980c51.js:267
[  144326ms] [WARNING] WebGL: INVALID_OPERATION: drawArrays: no buffer is bound to enabled attribute @ http://localhost:3001/_next/static/chunks/node_modules_cobe_dist_index_esm_12980c51.js:267
[  144341ms] [WARNING] WebGL: INVALID_OPERATION: drawArrays: no buffer is bound to enabled attribute @ http://localhost:3001/_next/static/chunks/node_modules_cobe_dist_index_esm_12980c51.js:267
[  144357ms] [WARNING] WebGL: INVALID_OPERATION: drawArrays: no buffer is bound to enabled attribute @ http://localhost:3001/_next/static/chunks/node_modules_cobe_dist_index_esm_12980c51.js:267
[  144379ms] [WARNING] WebGL: INVALID_OPERATION: drawArrays: no buffer is bound to enabled attribute @ http://localhost:3001/_next/static/chunks/node_modules_cobe_dist_index_esm_12980c51.js:267
[  144395ms] [WARNING] WebGL: INVALID_OPERATION: drawArrays: no buffer is bound to enabled attribute @ http://localhost:3001/_next/static/chunks/node_modules_cobe_dist_index_esm_12980c51.js:267
[  146661ms] [LOG] [Fast Refresh] rebuilding @ http://localhost:3001/_next/static/chunks/node_modules_next_dist_f3530cac._.js:2297
[  163719ms] [LOG] [Fast Refresh] done in 17267ms @ http://localhost:3001/_next/static/chunks/node_modules_next_dist_f3530cac._.js:2297
[  181883ms] [LOG] [Fast Refresh] rebuilding @ http://localhost:3001/_next/static/chunks/node_modules_next_dist_f3530cac._.js:2297
[  186007ms] [WARNING] WebGL: INVALID_OPERATION: drawArrays: no buffer is bound to enabled attribute @ http://localhost:3001/_next/static/chunks/node_modules_cobe_dist_index_esm_12980c51.js:267
[  186022ms] [WARNING] WebGL: INVALID_OPERATION: drawArrays: no buffer is bound to enabled attribute @ http://localhost:3001/_next/static/chunks/node_modules_cobe_dist_index_esm_12980c51.js:267
[  186036ms] [WARNING] WebGL: INVALID_OPERATION: drawArrays: no buffer is bound to enabled attribute @ http://localhost:3001/_next/static/chunks/node_modules_cobe_dist_index_esm_12980c51.js:267
[  186051ms] [WARNING] WebGL: INVALID_OPERATION: drawArrays: no buffer is bound to enabled attribute @ http://localhost:3001/_next/static/chunks/node_modules_cobe_dist_index_esm_12980c51.js:267
[  186067ms] [WARNING] WebGL: INVALID_OPERATION: drawArrays: no buffer is bound to enabled attribute @ http://localhost:3001/_next/static/chunks/node_modules_cobe_dist_index_esm_12980c51.js:267
[  186082ms] [WARNING] WebGL: INVALID_OPERATION: drawArrays: no buffer is bound to enabled attribute @ http://localhost:3001/_next/static/chunks/node_modules_cobe_dist_index_esm_12980c51.js:267
[  186098ms] [WARNING] WebGL: INVALID_OPERATION: drawArrays: no buffer is bound to enabled attribute @ http://localhost:3001/_next/static/chunks/node_modules_cobe_dist_index_esm_12980c51.js:267
[  186116ms] [WARNING] WebGL: INVALID_OPERATION: drawArrays: no buffer is bound to enabled attribute @ http://localhost:3001/_next/static/chunks/node_modules_cobe_dist_index_esm_12980c51.js:267
[  197500ms] [LOG] [Fast Refresh] done in 15897ms @ http://localhost:3001/_next/static/chunks/node_modules_next_dist_f3530cac._.js:2297
[  216792ms] [WARNING] WebGL: INVALID_OPERATION: drawArrays: no buffer is bound to enabled attribute @ http://localhost:3001/_next/static/chunks/node_modules_cobe_dist_index_esm_12980c51.js:267
[  216847ms] [WARNING] WebGL: INVALID_OPERATION: drawArrays: no buffer is bound to enabled attribute @ http://localhost:3001/_next/static/chunks/node_modules_cobe_dist_index_esm_12980c51.js:267
[  216901ms] [WARNING] WebGL: INVALID_OPERATION: drawArrays: no buffer is bound to enabled attribute @ http://localhost:3001/_next/static/chunks/node_modules_cobe_dist_index_esm_12980c51.js:267
[  216979ms] [WARNING] WebGL: INVALID_OPERATION: drawArrays: no buffer is bound to enabled attribute @ http://localhost:3001/_next/static/chunks/node_modules_cobe_dist_index_esm_12980c51.js:267
[  217042ms] [WARNING] WebGL: INVALID_OPERATION: drawArrays: no buffer is bound to enabled attribute @ http://localhost:3001/_next/static/chunks/node_modules_cobe_dist_index_esm_12980c51.js:267
[  217098ms] [WARNING] WebGL: INVALID_OPERATION: drawArrays: no buffer is bound to enabled attribute @ http://localhost:3001/_next/static/chunks/node_modules_cobe_dist_index_esm_12980c51.js:267
[  217192ms] [WARNING] WebGL: INVALID_OPERATION: drawArrays: no buffer is bound to enabled attribute @ http://localhost:3001/_next/static/chunks/node_modules_cobe_dist_index_esm_12980c51.js:267
[  217251ms] [WARNING] WebGL: INVALID_OPERATION: drawArrays: no buffer is bound to enabled attribute @ http://localhost:3001/_next/static/chunks/node_modules_cobe_dist_index_esm_12980c51.js:267
[  218487ms] [WARNING] WebGL: INVALID_OPERATION: drawArrays: no buffer is bound to enabled attribute @ http://localhost:3001/_next/static/chunks/node_modules_cobe_dist_index_esm_12980c51.js:267
[  218504ms] [WARNING] WebGL: INVALID_OPERATION: drawArrays: no buffer is bound to enabled attribute @ http://localhost:3001/_next/static/chunks/node_modules_cobe_dist_index_esm_12980c51.js:267
[  218521ms] [WARNING] WebGL: INVALID_OPERATION: drawArrays: no buffer is bound to enabled attribute @ http://localhost:3001/_next/static/chunks/node_modules_cobe_dist_index_esm_12980c51.js:267
[  218537ms] [WARNING] WebGL: INVALID_OPERATION: drawArrays: no buffer is bound to enabled attribute @ http://localhost:3001/_next/static/chunks/node_modules_cobe_dist_index_esm_12980c51.js:267
[  218554ms] [WARNING] WebGL: INVALID_OPERATION: drawArrays: no buffer is bound to enabled attribute @ http://localhost:3001/_next/static/chunks/node_modules_cobe_dist_index_esm_12980c51.js:267
[  218570ms] [WARNING] WebGL: INVALID_OPERATION: drawArrays: no buffer is bound to enabled attribute @ http://localhost:3001/_next/static/chunks/node_modules_cobe_dist_index_esm_12980c51.js:267
[  218587ms] [WARNING] WebGL: INVALID_OPERATION: drawArrays: no buffer is bound to enabled attribute @ http://localhost:3001/_next/static/chunks/node_modules_cobe_dist_index_esm_12980c51.js:267
[  218603ms] [WARNING] WebGL: INVALID_OPERATION: drawArrays: no buffer is bound to enabled attribute @ http://localhost:3001/_next/static/chunks/node_modules_cobe_dist_index_esm_12980c51.js:267
[  253120ms] [WARNING] WebGL: INVALID_OPERATION: drawArrays: no buffer is bound to enabled attribute @ http://localhost:3001/_next/static/chunks/node_modules_cobe_dist_index_esm_12980c51.js:267
[  253126ms] [WARNING] WebGL: INVALID_OPERATION: drawArrays: no buffer is bound to enabled attribute @ http://localhost:3001/_next/static/chunks/node_modules_cobe_dist_index_esm_12980c51.js:267
[  253132ms] [WARNING] WebGL: INVALID_OPERATION: drawArrays: no buffer is bound to enabled attribute @ http://localhost:3001/_next/static/chunks/node_modules_cobe_dist_index_esm_12980c51.js:267
[  253139ms] [WARNING] WebGL: INVALID_OPERATION: drawArrays: no buffer is bound to enabled attribute @ http://localhost:3001/_next/static/chunks/node_modules_cobe_dist_index_esm_12980c51.js:267
[  253145ms] [WARNING] WebGL: INVALID_OPERATION: drawArrays: no buffer is bound to enabled attribute @ http://localhost:3001/_next/static/chunks/node_modules_cobe_dist_index_esm_12980c51.js:267
[  253151ms] [WARNING] WebGL: INVALID_OPERATION: drawArrays: no buffer is bound to enabled attribute @ http://localhost:3001/_next/static/chunks/node_modules_cobe_dist_index_esm_12980c51.js:267
[  253161ms] [WARNING] WebGL: INVALID_OPERATION: drawArrays: no buffer is bound to enabled attribute @ http://localhost:3001/_next/static/chunks/node_modules_cobe_dist_index_esm_12980c51.js:267
[  253168ms] [WARNING] WebGL: INVALID_OPERATION: drawArrays: no buffer is bound to enabled attribute @ http://localhost:3001/_next/static/chunks/node_modules_cobe_dist_index_esm_12980c51.js:267
[  254596ms] [LOG] [Fast Refresh] rebuilding @ http://localhost:3001/_next/static/chunks/node_modules_next_dist_f3530cac._.js:2297
[  263567ms] [WARNING] WebGL: INVALID_OPERATION: drawArrays: no buffer is bound to enabled attribute @ http://localhost:3001/_next/static/chunks/node_modules_cobe_dist_index_esm_12980c51.js:267
[  263573ms] [WARNING] WebGL: INVALID_OPERATION: drawArrays: no buffer is bound to enabled attribute @ http://localhost:3001/_next/static/chunks/node_modules_cobe_dist_index_esm_12980c51.js:267
[  263579ms] [WARNING] WebGL: INVALID_OPERATION: drawArrays: no buffer is bound to enabled attribute @ http://localhost:3001/_next/static/chunks/node_modules_cobe_dist_index_esm_12980c51.js:267
[  263585ms] [WARNING] WebGL: INVALID_OPERATION: drawArrays: no buffer is bound to enabled attribute @ http://localhost:3001/_next/static/chunks/node_modules_cobe_dist_index_esm_12980c51.js:267
[  263591ms] [WARNING] WebGL: INVALID_OPERATION: drawArrays: no buffer is bound to enabled attribute @ http://localhost:3001/_next/static/chunks/node_modules_cobe_dist_index_esm_12980c51.js:267
[  263597ms] [WARNING] WebGL: INVALID_OPERATION: drawArrays: no buffer is bound to enabled attribute @ http://localhost:3001/_next/static/chunks/node_modules_cobe_dist_index_esm_12980c51.js:267
[  263602ms] [WARNING] WebGL: INVALID_OPERATION: drawArrays: no buffer is bound to enabled attribute @ http://localhost:3001/_next/static/chunks/node_modules_cobe_dist_index_esm_12980c51.js:267
[  263613ms] [WARNING] WebGL: INVALID_OPERATION: drawArrays: no buffer is bound to enabled attribute @ http://localhost:3001/_next/static/chunks/node_modules_cobe_dist_index_esm_12980c51.js:267
[  264750ms] [LOG] [Fast Refresh] done in 10394ms @ http://localhost:3001/_next/static/chunks/node_modules_next_dist_f3530cac._.js:2297
[  266430ms] [LOG] [Fast Refresh] rebuilding @ http://localhost:3001/_next/static/chunks/node_modules_next_dist_f3530cac._.js:2297
[  281459ms] [LOG] [Fast Refresh] done in 15311ms @ http://localhost:3001/_next/static/chunks/node_modules_next_dist_f3530cac._.js:2297
[  288657ms] [LOG] [Fast Refresh] rebuilding @ http://localhost:3001/_next/static/chunks/node_modules_next_dist_f3530cac._.js:2297
[  303735ms] [WARNING] WebGL: INVALID_OPERATION: drawArrays: no buffer is bound to enabled attribute @ http://localhost:3001/_next/static/chunks/node_modules_cobe_dist_index_esm_12980c51.js:267
[  303741ms] [WARNING] WebGL: INVALID_OPERATION: drawArrays: no buffer is bound to enabled attribute @ http://localhost:3001/_next/static/chunks/node_modules_cobe_dist_index_esm_12980c51.js:267
[  303747ms] [WARNING] WebGL: INVALID_OPERATION: drawArrays: no buffer is bound to enabled attribute @ http://localhost:3001/_next/static/chunks/node_modules_cobe_dist_index_esm_12980c51.js:267
[  303754ms] [WARNING] WebGL: INVALID_OPERATION: drawArrays: no buffer is bound to enabled attribute @ http://localhost:3001/_next/static/chunks/node_modules_cobe_dist_index_esm_12980c51.js:267
[  303760ms] [WARNING] WebGL: INVALID_OPERATION: drawArrays: no buffer is bound to enabled attribute @ http://localhost:3001/_next/static/chunks/node_modules_cobe_dist_index_esm_12980c51.js:267
[  303780ms] [WARNING] WebGL: INVALID_OPERATION: drawArrays: no buffer is bound to enabled attribute @ http://localhost:3001/_next/static/chunks/node_modules_cobe_dist_index_esm_12980c51.js:267
[  303787ms] [WARNING] WebGL: INVALID_OPERATION: drawArrays: no buffer is bound to enabled attribute @ http://localhost:3001/_next/static/chunks/node_modules_cobe_dist_index_esm_12980c51.js:267
[  303793ms] [WARNING] WebGL: INVALID_OPERATION: drawArrays: no buffer is bound to enabled attribute @ http://localhost:3001/_next/static/chunks/node_modules_cobe_dist_index_esm_12980c51.js:267
[  304951ms] [LOG] [Fast Refresh] done in 16569ms @ http://localhost:3001/_next/static/chunks/node_modules_next_dist_f3530cac._.js:2297
[  334806ms] [WARNING] WebGL: INVALID_OPERATION: drawArrays: no buffer is bound to enabled attribute @ http://localhost:3001/_next/static/chunks/node_modules_cobe_dist_index_esm_12980c51.js:267
[  334861ms] [WARNING] WebGL: INVALID_OPERATION: drawArrays: no buffer is bound to enabled attribute @ http://localhost:3001/_next/static/chunks/node_modules_cobe_dist_index_esm_12980c51.js:267
[  334917ms] [WARNING] WebGL: INVALID_OPERATION: drawArrays: no buffer is bound to enabled attribute @ http://localhost:3001/_next/static/chunks/node_modules_cobe_dist_index_esm_12980c51.js:267
[  334970ms] [WARNING] WebGL: INVALID_OPERATION: drawArrays: no buffer is bound to enabled attribute @ http://localhost:3001/_next/static/chunks/node_modules_cobe_dist_index_esm_12980c51.js:267
[  335027ms] [WARNING] WebGL: INVALID_OPERATION: drawArrays: no buffer is bound to enabled attribute @ http://localhost:3001/_next/static/chunks/node_modules_cobe_dist_index_esm_12980c51.js:267
[  335084ms] [WARNING] WebGL: INVALID_OPERATION: drawArrays: no buffer is bound to enabled attribute @ http://localhost:3001/_next/static/chunks/node_modules_cobe_dist_index_esm_12980c51.js:267
[  335142ms] [WARNING] WebGL: INVALID_OPERATION: drawArrays: no buffer is bound to enabled attribute @ http://localhost:3001/_next/static/chunks/node_modules_cobe_dist_index_esm_12980c51.js:267
[  335197ms] [WARNING] WebGL: INVALID_OPERATION: drawArrays: no buffer is bound to enabled attribute @ http://localhost:3001/_next/static/chunks/node_modules_cobe_dist_index_esm_12980c51.js:267
[  336216ms] [WARNING] WebGL: INVALID_OPERATION: drawArrays: no buffer is bound to enabled attribute @ http://localhost:3001/_next/static/chunks/node_modules_cobe_dist_index_esm_12980c51.js:267
[  336222ms] [WARNING] WebGL: INVALID_OPERATION: drawArrays: no buffer is bound to enabled attribute @ http://localhost:3001/_next/static/chunks/node_modules_cobe_dist_index_esm_12980c51.js:267
[  336228ms] [WARNING] WebGL: INVALID_OPERATION: drawArrays: no buffer is bound to enabled attribute @ http://localhost:3001/_next/static/chunks/node_modules_cobe_dist_index_esm_12980c51.js:267
[  336234ms] [WARNING] WebGL: INVALID_OPERATION: drawArrays: no buffer is bound to enabled attribute @ http://localhost:3001/_next/static/chunks/node_modules_cobe_dist_index_esm_12980c51.js:267
[  336241ms] [WARNING] WebGL: INVALID_OPERATION: drawArrays: no buffer is bound to enabled attribute @ http://localhost:3001/_next/static/chunks/node_modules_cobe_dist_index_esm_12980c51.js:267
[  336247ms] [WARNING] WebGL: INVALID_OPERATION: drawArrays: no buffer is bound to enabled attribute @ http://localhost:3001/_next/static/chunks/node_modules_cobe_dist_index_esm_12980c51.js:267
[  336253ms] [WARNING] WebGL: INVALID_OPERATION: drawArrays: no buffer is bound to enabled attribute @ http://localhost:3001/_next/static/chunks/node_modules_cobe_dist_index_esm_12980c51.js:267
[  336260ms] [WARNING] WebGL: INVALID_OPERATION: drawArrays: no buffer is bound to enabled attribute @ http://localhost:3001/_next/static/chunks/node_modules_cobe_dist_index_esm_12980c51.js:267
[  347537ms] [LOG] [Fast Refresh] rebuilding @ http://localhost:3001/_next/static/chunks/node_modules_next_dist_f3530cac._.js:2297
[  355806ms] [WARNING] WebGL: INVALID_OPERATION: drawArrays: no buffer is bound to enabled attribute @ http://localhost:3001/_next/static/chunks/node_modules_cobe_dist_index_esm_12980c51.js:267
[  355859ms] [WARNING] WebGL: INVALID_OPERATION: drawArrays: no buffer is bound to enabled attribute @ http://localhost:3001/_next/static/chunks/node_modules_cobe_dist_index_esm_12980c51.js:267
[  355915ms] [WARNING] WebGL: INVALID_OPERATION: drawArrays: no buffer is bound to enabled attribute @ http://localhost:3001/_next/static/chunks/node_modules_cobe_dist_index_esm_12980c51.js:267
[  355979ms] [WARNING] WebGL: INVALID_OPERATION: drawArrays: no buffer is bound to enabled attribute @ http://localhost:3001/_next/static/chunks/node_modules_cobe_dist_index_esm_12980c51.js:267
[  356036ms] [WARNING] WebGL: INVALID_OPERATION: drawArrays: no buffer is bound to enabled attribute @ http://localhost:3001/_next/static/chunks/node_modules_cobe_dist_index_esm_12980c51.js:267
[  356097ms] [WARNING] WebGL: INVALID_OPERATION: drawArrays: no buffer is bound to enabled attribute @ http://localhost:3001/_next/static/chunks/node_modules_cobe_dist_index_esm_12980c51.js:267
[  356150ms] [WARNING] WebGL: INVALID_OPERATION: drawArrays: no buffer is bound to enabled attribute @ http://localhost:3001/_next/static/chunks/node_modules_cobe_dist_index_esm_12980c51.js:267
[  356206ms] [WARNING] WebGL: INVALID_OPERATION: drawArrays: no buffer is bound to enabled attribute @ http://localhost:3001/_next/static/chunks/node_modules_cobe_dist_index_esm_12980c51.js:267
[  359298ms] [LOG] [Fast Refresh] done in 11973ms @ http://localhost:3001/_next/static/chunks/node_modules_next_dist_f3530cac._.js:2297
[  363491ms] [LOG] [Fast Refresh] rebuilding @ http://localhost:3001/_next/static/chunks/node_modules_next_dist_f3530cac._.js:2297
[  364897ms] [LOG] [Fast Refresh] done in 1586ms @ http://localhost:3001/_next/static/chunks/node_modules_next_dist_f3530cac._.js:2297
[  365439ms] [LOG] [Fast Refresh] rebuilding @ http://localhost:3001/_next/static/chunks/node_modules_next_dist_f3530cac._.js:2297
[  366176ms] [LOG] [Fast Refresh] done in 957ms @ http://localhost:3001/_next/static/chunks/node_modules_next_dist_f3530cac._.js:2297
[  382547ms] [LOG] [Fast Refresh] rebuilding @ http://localhost:3001/_next/static/chunks/node_modules_next_dist_f3530cac._.js:2297
[  384394ms] [LOG] [Fast Refresh] done in 2120ms @ http://localhost:3001/_next/static/chunks/node_modules_next_dist_f3530cac._.js:2297
[  384632ms] [LOG] [Fast Refresh] rebuilding @ http://localhost:3001/_next/static/chunks/node_modules_next_dist_f3530cac._.js:2297
[  400120ms] [WARNING] WebGL: INVALID_OPERATION: drawArrays: no buffer is bound to enabled attribute @ http://localhost:3001/_next/static/chunks/node_modules_cobe_dist_index_esm_12980c51.js:267
[  400126ms] [WARNING] WebGL: INVALID_OPERATION: drawArrays: no buffer is bound to enabled attribute @ http://localhost:3001/_next/static/chunks/node_modules_cobe_dist_index_esm_12980c51.js:267
[  400134ms] [WARNING] WebGL: INVALID_OPERATION: drawArrays: no buffer is bound to enabled attribute @ http://localhost:3001/_next/static/chunks/node_modules_cobe_dist_index_esm_12980c51.js:267
[  400139ms] [WARNING] WebGL: INVALID_OPERATION: drawArrays: no buffer is bound to enabled attribute @ http://localhost:3001/_next/static/chunks/node_modules_cobe_dist_index_esm_12980c51.js:267
[  400145ms] [WARNING] WebGL: INVALID_OPERATION: drawArrays: no buffer is bound to enabled attribute @ http://localhost:3001/_next/static/chunks/node_modules_cobe_dist_index_esm_12980c51.js:267
[  400151ms] [WARNING] WebGL: INVALID_OPERATION: drawArrays: no buffer is bound to enabled attribute @ http://localhost:3001/_next/static/chunks/node_modules_cobe_dist_index_esm_12980c51.js:267
[  400157ms] [WARNING] WebGL: INVALID_OPERATION: drawArrays: no buffer is bound to enabled attribute @ http://localhost:3001/_next/static/chunks/node_modules_cobe_dist_index_esm_12980c51.js:267
[  400163ms] [WARNING] WebGL: INVALID_OPERATION: drawArrays: no buffer is bound to enabled attribute @ http://localhost:3001/_next/static/chunks/node_modules_cobe_dist_index_esm_12980c51.js:267
[  401333ms] [LOG] [Fast Refresh] done in 16812ms @ http://localhost:3001/_next/static/chunks/node_modules_next_dist_f3530cac._.js:2297
[  411053ms] [WARNING] WebGL: INVALID_OPERATION: drawArrays: no buffer is bound to enabled attribute @ http://localhost:3001/_next/static/chunks/node_modules_cobe_dist_index_esm_12980c51.js:267
[  411060ms] [WARNING] WebGL: INVALID_OPERATION: drawArrays: no buffer is bound to enabled attribute @ http://localhost:3001/_next/static/chunks/node_modules_cobe_dist_index_esm_12980c51.js:267
[  411067ms] [WARNING] WebGL: INVALID_OPERATION: drawArrays: no buffer is bound to enabled attribute @ http://localhost:3001/_next/static/chunks/node_modules_cobe_dist_index_esm_12980c51.js:267
[  411079ms] [WARNING] WebGL: INVALID_OPERATION: drawArrays: no buffer is bound to enabled attribute @ http://localhost:3001/_next/static/chunks/node_modules_cobe_dist_index_esm_12980c51.js:267
[  411085ms] [WARNING] WebGL: INVALID_OPERATION: drawArrays: no buffer is bound to enabled attribute @ http://localhost:3001/_next/static/chunks/node_modules_cobe_dist_index_esm_12980c51.js:267
[  411091ms] [WARNING] WebGL: INVALID_OPERATION: drawArrays: no buffer is bound to enabled attribute @ http://localhost:3001/_next/static/chunks/node_modules_cobe_dist_index_esm_12980c51.js:267
[  411096ms] [WARNING] WebGL: INVALID_OPERATION: drawArrays: no buffer is bound to enabled attribute @ http://localhost:3001/_next/static/chunks/node_modules_cobe_dist_index_esm_12980c51.js:267
[  411103ms] [WARNING] WebGL: INVALID_OPERATION: drawArrays: no buffer is bound to enabled attribute @ http://localhost:3001/_next/static/chunks/node_modules_cobe_dist_index_esm_12980c51.js:267
[  416043ms] [ERROR] WebSocket connection to 'ws://localhost:3001/_next/webpack-hmr?id=pdspwB85zoNI9ci5lnJGm' failed: Error in connection establishment: net::ERR_CONNECTION_REFUSED @ http://localhost:3001/_next/static/chunks/node_modules_next_dist_client_17643121._.js:10878
[  419562ms] [ERROR] WebSocket connection to 'ws://localhost:3001/_next/webpack-hmr?id=pdspwB85zoNI9ci5lnJGm' failed: Error in connection establishment: net::ERR_CONNECTION_REFUSED @ http://localhost:3001/_next/static/chunks/node_modules_next_dist_client_17643121._.js:10878
[  422977ms] [ERROR] WebSocket connection to 'ws://localhost:3001/_next/webpack-hmr?id=pdspwB85zoNI9ci5lnJGm' failed: Error in connection establishment: net::ERR_CONNECTION_REFUSED @ http://localhost:3001/_next/static/chunks/node_modules_next_dist_client_17643121._.js:10878
[  426567ms] [ERROR] WebSocket connection to 'ws://localhost:3001/_next/webpack-hmr?id=pdspwB85zoNI9ci5lnJGm' failed: Error in connection establishment: net::ERR_CONNECTION_REFUSED @ http://localhost:3001/_next/static/chunks/node_modules_next_dist_client_17643121._.js:10878
[  429830ms] [ERROR] Failed to load resource: net::ERR_CONNECTION_REFUSED @ http://localhost:3001/api/online:0
[  429831ms] [ERROR] Failed to load resource: net::ERR_CONNECTION_REFUSED @ http://localhost:3001/api/feed?limit=50&today=1:0
[  429831ms] [ERROR] Failed to load resource: net::ERR_CONNECTION_REFUSED @ http://localhost:3001/api/presence:0
[  431504ms] [ERROR] WebSocket connection to 'ws://localhost:3001/_next/webpack-hmr?id=pdspwB85zoNI9ci5lnJGm' failed: Error in connection establishment: net::ERR_CONNECTION_REFUSED @ http://localhost:3001/_next/static/chunks/node_modules_next_dist_client_17643121._.js:10878
[  439095ms] [ERROR] WebSocket connection to 'ws://localhost:3001/_next/webpack-hmr?id=pdspwB85zoNI9ci5lnJGm' failed: Error in connection establishment: net::ERR_CONNECTION_REFUSED @ http://localhost:3001/_next/static/chunks/node_modules_next_dist_client_17643121._.js:10878
[  446653ms] [ERROR] WebSocket connection to 'ws://localhost:3001/_next/webpack-hmr?id=pdspwB85zoNI9ci5lnJGm' failed: Error in connection establishment: net::ERR_CONNECTION_REFUSED @ http://localhost:3001/_next/static/chunks/node_modules_next_dist_client_17643121._.js:10878
[  454202ms] [ERROR] WebSocket connection to 'ws://localhost:3001/_next/webpack-hmr?id=pdspwB85zoNI9ci5lnJGm' failed: Error in connection establishment: net::ERR_CONNECTION_REFUSED @ http://localhost:3001/_next/static/chunks/node_modules_next_dist_client_17643121._.js:10878
[  463431ms] [ERROR] Failed to load resource: net::ERR_CONNECTION_REFUSED @ http://localhost:3001/api/online:0
[  463528ms] [ERROR] Failed to load resource: net::ERR_CONNECTION_REFUSED @ http://localhost:3001/api/presence:0
[  464760ms] [ERROR] WebSocket connection to 'ws://localhost:3001/_next/webpack-hmr?id=pdspwB85zoNI9ci5lnJGm' failed: Error in connection establishment: net::ERR_CONNECTION_REFUSED @ http://localhost:3001/_next/static/chunks/node_modules_next_dist_client_17643121._.js:10878
[  474057ms] [ERROR] WebSocket connection to 'ws://localhost:3001/_next/webpack-hmr?id=pdspwB85zoNI9ci5lnJGm' failed: Error in connection establishment: net::ERR_CONNECTION_REFUSED @ http://localhost:3001/_next/static/chunks/node_modules_next_dist_client_17643121._.js:10878
[  482490ms] [ERROR] WebSocket connection to 'ws://localhost:3001/_next/webpack-hmr?id=pdspwB85zoNI9ci5lnJGm' failed: Error in connection establishment: net::ERR_CONNECTION_REFUSED @ http://localhost:3001/_next/static/chunks/node_modules_next_dist_client_17643121._.js:10878
[  491449ms] [ERROR] Failed to load resource: net::ERR_CONNECTION_REFUSED @ http://localhost:3001/api/online:0
[  491449ms] [ERROR] Failed to load resource: net::ERR_CONNECTION_REFUSED @ http://localhost:3001/api/presence:0
[  493526ms] [ERROR] WebSocket connection to 'ws://localhost:3001/_next/webpack-hmr?id=pdspwB85zoNI9ci5lnJGm' failed: Error in connection establishment: net::ERR_CONNECTION_REFUSED @ http://localhost:3001/_next/static/chunks/node_modules_next_dist_client_17643121._.js:10878
