[    1988ms] [INFO] %cDownload the React DevTools for a better development experience: https://react.dev/link/react-devtools font-weight:bold @ http://localhost:3010/_next/static/chunks/node_modules_next_dist_1e8vcs8._.js:776
[    1998ms] [ERROR] eval() is not supported in this environment. If this page was served with a `Content-Security-Policy` header, make sure that `unsafe-eval` is included. React requires eval() in development mode for various debugging features like reconstructing callstacks from a different environment.
React will never use eval() in production mode @ http://localhost:3010/_next/static/chunks/node_modules_next_dist_1e8vcs8._.js:1052
[    2178ms] [LOG] [HMR] connected @ http://localhost:3010/_next/static/chunks/node_modules_next_dist_1e8vcs8._.js:776
[    2334ms] [LOG] [Fast Refresh] rebuilding @ http://localhost:3010/_next/static/chunks/node_modules_next_dist_1e8vcs8._.js:776
[    2371ms] [ERROR] Loading the script 'https://va.vercel-scripts.com/v1/script.debug.js' violates the following Content Security Policy directive: "script-src 'self' 'unsafe-inline' https://cdn.himetrica.com". Note that 'script-src-elem' was not explicitly set, so 'script-src' is used as a fallback. The action has been blocked. @ http://localhost:3010/_next/static/chunks/node_modules_0fi3d0_._.js:135
[    2374ms] [ERROR] Loading the script 'https://va.vercel-scripts.com/v1/speed-insights/script.debug.js' violates the following Content Security Policy directive: "script-src 'self' 'unsafe-inline' https://cdn.himetrica.com". Note that 'script-src-elem' was not explicitly set, so 'script-src' is used as a fallback. The action has been blocked. @ http://localhost:3010/_next/static/chunks/node_modules_0fi3d0_._.js:358
[    2396ms] [LOG] [Vercel Web Analytics] Failed to load script from https://va.vercel-scripts.com/v1/script.debug.js. Please check if any ad blockers are enabled and try again. @ http://localhost:3010/_next/static/chunks/node_modules_next_dist_1e8vcs8._.js:776
[    2397ms] [LOG] [Vercel Speed Insights] Failed to load script from https://va.vercel-scripts.com/v1/speed-insights/script.debug.js. Please check if any content blockers are enabled and try again. @ http://localhost:3010/_next/static/chunks/node_modules_next_dist_1e8vcs8._.js:776
[    3808ms] [LOG] [Fast Refresh] done in 1579ms @ http://localhost:3010/_next/static/chunks/node_modules_next_dist_1e8vcs8._.js:776
[   32114ms] [LOG] [Fast Refresh] rebuilding @ http://localhost:3010/_next/static/chunks/node_modules_next_dist_1e8vcs8._.js:776
[   32186ms] [LOG] [Fast Refresh] done in 173ms @ http://localhost:3010/_next/static/chunks/node_modules_next_dist_1e8vcs8._.js:776
[   52607ms] [LOG] [Fast Refresh] rebuilding @ http://localhost:3010/_next/static/chunks/node_modules_next_dist_1e8vcs8._.js:776
[   52645ms] [LOG] [Fast Refresh] done in 140ms @ http://localhost:3010/_next/static/chunks/node_modules_next_dist_1e8vcs8._.js:776
[   55572ms] [LOG] [Fast Refresh] rebuilding @ http://localhost:3010/_next/static/chunks/node_modules_next_dist_1e8vcs8._.js:776
[   55573ms] [LOG] [Fast Refresh] done in 102ms @ http://localhost:3010/_next/static/chunks/node_modules_next_dist_1e8vcs8._.js:776
[   79182ms] [LOG] [Fast Refresh] rebuilding @ http://localhost:3010/_next/static/chunks/node_modules_next_dist_1e8vcs8._.js:776
[   79250ms] [LOG] [Fast Refresh] done in 133ms @ http://localhost:3010/_next/static/chunks/node_modules_next_dist_1e8vcs8._.js:776
[   79329ms] [LOG] [Fast Refresh] done in 133ms @ http://localhost:3010/_next/static/chunks/node_modules_next_dist_1e8vcs8._.js:776
[   79393ms] [LOG] [Fast Refresh] done in 133ms @ http://localhost:3010/_next/static/chunks/node_modules_next_dist_1e8vcs8._.js:776
[   79438ms] [LOG] [Fast Refresh] done in 133ms @ http://localhost:3010/_next/static/chunks/node_modules_next_dist_1e8vcs8._.js:776
[   79485ms] [LOG] [Fast Refresh] done in 133ms @ http://localhost:3010/_next/static/chunks/node_modules_next_dist_1e8vcs8._.js:776
[   79525ms] [LOG] [Fast Refresh] done in 133ms @ http://localhost:3010/_next/static/chunks/node_modules_next_dist_1e8vcs8._.js:776
[   79563ms] [LOG] [Fast Refresh] done in 133ms @ http://localhost:3010/_next/static/chunks/node_modules_next_dist_1e8vcs8._.js:776
[   79601ms] [LOG] [Fast Refresh] done in 133ms @ http://localhost:3010/_next/static/chunks/node_modules_next_dist_1e8vcs8._.js:776
[   79639ms] [LOG] [Fast Refresh] done in 133ms @ http://localhost:3010/_next/static/chunks/node_modules_next_dist_1e8vcs8._.js:776
[   79677ms] [LOG] [Fast Refresh] done in 133ms @ http://localhost:3010/_next/static/chunks/node_modules_next_dist_1e8vcs8._.js:776
[   79714ms] [LOG] [Fast Refresh] done in 133ms @ http://localhost:3010/_next/static/chunks/node_modules_next_dist_1e8vcs8._.js:776
[   79753ms] [LOG] [Fast Refresh] done in 133ms @ http://localhost:3010/_next/static/chunks/node_modules_next_dist_1e8vcs8._.js:776
[   79793ms] [LOG] [Fast Refresh] done in 133ms @ http://localhost:3010/_next/static/chunks/node_modules_next_dist_1e8vcs8._.js:776
[   79831ms] [LOG] [Fast Refresh] done in 133ms @ http://localhost:3010/_next/static/chunks/node_modules_next_dist_1e8vcs8._.js:776
[   79870ms] [LOG] [Fast Refresh] done in 133ms @ http://localhost:3010/_next/static/chunks/node_modules_next_dist_1e8vcs8._.js:776
[   79907ms] [LOG] [Fast Refresh] done in 133ms @ http://localhost:3010/_next/static/chunks/node_modules_next_dist_1e8vcs8._.js:776
[   79945ms] [LOG] [Fast Refresh] done in 133ms @ http://localhost:3010/_next/static/chunks/node_modules_next_dist_1e8vcs8._.js:776
[   79985ms] [LOG] [Fast Refresh] done in 133ms @ http://localhost:3010/_next/static/chunks/node_modules_next_dist_1e8vcs8._.js:776
[   80023ms] [LOG] [Fast Refresh] done in 133ms @ http://localhost:3010/_next/static/chunks/node_modules_next_dist_1e8vcs8._.js:776
[   80062ms] [LOG] [Fast Refresh] done in 133ms @ http://localhost:3010/_next/static/chunks/node_modules_next_dist_1e8vcs8._.js:776
[   80102ms] [LOG] [Fast Refresh] done in 133ms @ http://localhost:3010/_next/static/chunks/node_modules_next_dist_1e8vcs8._.js:776
[   80139ms] [LOG] [Fast Refresh] done in 133ms @ http://localhost:3010/_next/static/chunks/node_modules_next_dist_1e8vcs8._.js:776
[   80177ms] [LOG] [Fast Refresh] done in 133ms @ http://localhost:3010/_next/static/chunks/node_modules_next_dist_1e8vcs8._.js:776
[   80214ms] [LOG] [Fast Refresh] done in 133ms @ http://localhost:3010/_next/static/chunks/node_modules_next_dist_1e8vcs8._.js:776
[   80252ms] [LOG] [Fast Refresh] done in 133ms @ http://localhost:3010/_next/static/chunks/node_modules_next_dist_1e8vcs8._.js:776
[   80290ms] [LOG] [Fast Refresh] done in 133ms @ http://localhost:3010/_next/static/chunks/node_modules_next_dist_1e8vcs8._.js:776
[   80328ms] [LOG] [Fast Refresh] done in 133ms @ http://localhost:3010/_next/static/chunks/node_modules_next_dist_1e8vcs8._.js:776
[   80368ms] [LOG] [Fast Refresh] done in 133ms @ http://localhost:3010/_next/static/chunks/node_modules_next_dist_1e8vcs8._.js:776
[   80405ms] [LOG] [Fast Refresh] done in 133ms @ http://localhost:3010/_next/static/chunks/node_modules_next_dist_1e8vcs8._.js:776
[   80444ms] [LOG] [Fast Refresh] done in 133ms @ http://localhost:3010/_next/static/chunks/node_modules_next_dist_1e8vcs8._.js:776
[   80483ms] [LOG] [Fast Refresh] done in 133ms @ http://localhost:3010/_next/static/chunks/node_modules_next_dist_1e8vcs8._.js:776
[   80521ms] [LOG] [Fast Refresh] done in 133ms @ http://localhost:3010/_next/static/chunks/node_modules_next_dist_1e8vcs8._.js:776
[   80559ms] [LOG] [Fast Refresh] done in 133ms @ http://localhost:3010/_next/static/chunks/node_modules_next_dist_1e8vcs8._.js:776
[   80598ms] [LOG] [Fast Refresh] done in 133ms @ http://localhost:3010/_next/static/chunks/node_modules_next_dist_1e8vcs8._.js:776
[   80636ms] [LOG] [Fast Refresh] done in 133ms @ http://localhost:3010/_next/static/chunks/node_modules_next_dist_1e8vcs8._.js:776
[   80673ms] [LOG] [Fast Refresh] done in 133ms @ http://localhost:3010/_next/static/chunks/node_modules_next_dist_1e8vcs8._.js:776
[   80710ms] [LOG] [Fast Refresh] done in 133ms @ http://localhost:3010/_next/static/chunks/node_modules_next_dist_1e8vcs8._.js:776
[   80749ms] [LOG] [Fast Refresh] done in 133ms @ http://localhost:3010/_next/static/chunks/node_modules_next_dist_1e8vcs8._.js:776
[   80788ms] [LOG] [Fast Refresh] done in 133ms @ http://localhost:3010/_next/static/chunks/node_modules_next_dist_1e8vcs8._.js:776
[   80827ms] [LOG] [Fast Refresh] done in 133ms @ http://localhost:3010/_next/static/chunks/node_modules_next_dist_1e8vcs8._.js:776
[   80864ms] [LOG] [Fast Refresh] done in 133ms @ http://localhost:3010/_next/static/chunks/node_modules_next_dist_1e8vcs8._.js:776
[   80903ms] [LOG] [Fast Refresh] done in 133ms @ http://localhost:3010/_next/static/chunks/node_modules_next_dist_1e8vcs8._.js:776
[   80941ms] [LOG] [Fast Refresh] done in 133ms @ http://localhost:3010/_next/static/chunks/node_modules_next_dist_1e8vcs8._.js:776
[   80977ms] [LOG] [Fast Refresh] done in 133ms @ http://localhost:3010/_next/static/chunks/node_modules_next_dist_1e8vcs8._.js:776
[   81014ms] [LOG] [Fast Refresh] done in 133ms @ http://localhost:3010/_next/static/chunks/node_modules_next_dist_1e8vcs8._.js:776
[   81052ms] [LOG] [Fast Refresh] done in 133ms @ http://localhost:3010/_next/static/chunks/node_modules_next_dist_1e8vcs8._.js:776
[   81091ms] [LOG] [Fast Refresh] done in 133ms @ http://localhost:3010/_next/static/chunks/node_modules_next_dist_1e8vcs8._.js:776
[   81127ms] [LOG] [Fast Refresh] done in 133ms @ http://localhost:3010/_next/static/chunks/node_modules_next_dist_1e8vcs8._.js:776
[   81165ms] [LOG] [Fast Refresh] done in 133ms @ http://localhost:3010/_next/static/chunks/node_modules_next_dist_1e8vcs8._.js:776
[   81202ms] [LOG] [Fast Refresh] done in 133ms @ http://localhost:3010/_next/static/chunks/node_modules_next_dist_1e8vcs8._.js:776
[   81241ms] [LOG] [Fast Refresh] done in 133ms @ http://localhost:3010/_next/static/chunks/node_modules_next_dist_1e8vcs8._.js:776
[   81278ms] [LOG] [Fast Refresh] done in 133ms @ http://localhost:3010/_next/static/chunks/node_modules_next_dist_1e8vcs8._.js:776
[   81317ms] [LOG] [Fast Refresh] done in 133ms @ http://localhost:3010/_next/static/chunks/node_modules_next_dist_1e8vcs8._.js:776
[   81354ms] [LOG] [Fast Refresh] done in 133ms @ http://localhost:3010/_next/static/chunks/node_modules_next_dist_1e8vcs8._.js:776
[   81394ms] [LOG] [Fast Refresh] done in 133ms @ http://localhost:3010/_next/static/chunks/node_modules_next_dist_1e8vcs8._.js:776
[   81431ms] [LOG] [Fast Refresh] done in 133ms @ http://localhost:3010/_next/static/chunks/node_modules_next_dist_1e8vcs8._.js:776
[   81470ms] [LOG] [Fast Refresh] done in 133ms @ http://localhost:3010/_next/static/chunks/node_modules_next_dist_1e8vcs8._.js:776
[   81506ms] [LOG] [Fast Refresh] done in 133ms @ http://localhost:3010/_next/static/chunks/node_modules_next_dist_1e8vcs8._.js:776
[   81544ms] [LOG] [Fast Refresh] done in 133ms @ http://localhost:3010/_next/static/chunks/node_modules_next_dist_1e8vcs8._.js:776
[   81580ms] [LOG] [Fast Refresh] done in 133ms @ http://localhost:3010/_next/static/chunks/node_modules_next_dist_1e8vcs8._.js:776
[   81617ms] [LOG] [Fast Refresh] done in 133ms @ http://localhost:3010/_next/static/chunks/node_modules_next_dist_1e8vcs8._.js:776
[   81656ms] [LOG] [Fast Refresh] done in 133ms @ http://localhost:3010/_next/static/chunks/node_modules_next_dist_1e8vcs8._.js:776
[   81693ms] [LOG] [Fast Refresh] done in 133ms @ http://localhost:3010/_next/static/chunks/node_modules_next_dist_1e8vcs8._.js:776
[   81729ms] [LOG] [Fast Refresh] done in 133ms @ http://localhost:3010/_next/static/chunks/node_modules_next_dist_1e8vcs8._.js:776
[   81767ms] [LOG] [Fast Refresh] done in 133ms @ http://localhost:3010/_next/static/chunks/node_modules_next_dist_1e8vcs8._.js:776
[   81805ms] [LOG] [Fast Refresh] done in 133ms @ http://localhost:3010/_next/static/chunks/node_modules_next_dist_1e8vcs8._.js:776
[   81843ms] [LOG] [Fast Refresh] done in 133ms @ http://localhost:3010/_next/static/chunks/node_modules_next_dist_1e8vcs8._.js:776
[   81880ms] [LOG] [Fast Refresh] done in 133ms @ http://localhost:3010/_next/static/chunks/node_modules_next_dist_1e8vcs8._.js:776
[   81919ms] [LOG] [Fast Refresh] done in 133ms @ http://localhost:3010/_next/static/chunks/node_modules_next_dist_1e8vcs8._.js:776
[   81959ms] [LOG] [Fast Refresh] done in 133ms @ http://localhost:3010/_next/static/chunks/node_modules_next_dist_1e8vcs8._.js:776
[   81997ms] [LOG] [Fast Refresh] done in 133ms @ http://localhost:3010/_next/static/chunks/node_modules_next_dist_1e8vcs8._.js:776
[   82036ms] [LOG] [Fast Refresh] done in 133ms @ http://localhost:3010/_next/static/chunks/node_modules_next_dist_1e8vcs8._.js:776
[   82073ms] [LOG] [Fast Refresh] done in 133ms @ http://localhost:3010/_next/static/chunks/node_modules_next_dist_1e8vcs8._.js:776
[   82110ms] [LOG] [Fast Refresh] done in 133ms @ http://localhost:3010/_next/static/chunks/node_modules_next_dist_1e8vcs8._.js:776
[   82146ms] [LOG] [Fast Refresh] done in 133ms @ http://localhost:3010/_next/static/chunks/node_modules_next_dist_1e8vcs8._.js:776
[   82185ms] [LOG] [Fast Refresh] done in 133ms @ http://localhost:3010/_next/static/chunks/node_modules_next_dist_1e8vcs8._.js:776
[   82224ms] [LOG] [Fast Refresh] done in 133ms @ http://localhost:3010/_next/static/chunks/node_modules_next_dist_1e8vcs8._.js:776
[   82262ms] [LOG] [Fast Refresh] done in 133ms @ http://localhost:3010/_next/static/chunks/node_modules_next_dist_1e8vcs8._.js:776
[   82301ms] [LOG] [Fast Refresh] done in 133ms @ http://localhost:3010/_next/static/chunks/node_modules_next_dist_1e8vcs8._.js:776
[   82339ms] [LOG] [Fast Refresh] done in 133ms @ http://localhost:3010/_next/static/chunks/node_modules_next_dist_1e8vcs8._.js:776
[   82377ms] [LOG] [Fast Refresh] done in 133ms @ http://localhost:3010/_next/static/chunks/node_modules_next_dist_1e8vcs8._.js:776
[   82417ms] [LOG] [Fast Refresh] done in 133ms @ http://localhost:3010/_next/static/chunks/node_modules_next_dist_1e8vcs8._.js:776
[   82458ms] [LOG] [Fast Refresh] done in 133ms @ http://localhost:3010/_next/static/chunks/node_modules_next_dist_1e8vcs8._.js:776
[   82496ms] [LOG] [Fast Refresh] done in 133ms @ http://localhost:3010/_next/static/chunks/node_modules_next_dist_1e8vcs8._.js:776
[   82533ms] [LOG] [Fast Refresh] done in 133ms @ http://localhost:3010/_next/static/chunks/node_modules_next_dist_1e8vcs8._.js:776
[   82570ms] [LOG] [Fast Refresh] done in 133ms @ http://localhost:3010/_next/static/chunks/node_modules_next_dist_1e8vcs8._.js:776
[   82609ms] [LOG] [Fast Refresh] done in 133ms @ http://localhost:3010/_next/static/chunks/node_modules_next_dist_1e8vcs8._.js:776
[   82645ms] [LOG] [Fast Refresh] done in 133ms @ http://localhost:3010/_next/static/chunks/node_modules_next_dist_1e8vcs8._.js:776
[   82684ms] [LOG] [Fast Refresh] done in 133ms @ http://localhost:3010/_next/static/chunks/node_modules_next_dist_1e8vcs8._.js:776
[   82722ms] [LOG] [Fast Refresh] done in 133ms @ http://localhost:3010/_next/static/chunks/node_modules_next_dist_1e8vcs8._.js:776
[   82760ms] [LOG] [Fast Refresh] done in 133ms @ http://localhost:3010/_next/static/chunks/node_modules_next_dist_1e8vcs8._.js:776
[   82797ms] [LOG] [Fast Refresh] done in 133ms @ http://localhost:3010/_next/static/chunks/node_modules_next_dist_1e8vcs8._.js:776
[   82834ms] [LOG] [Fast Refresh] done in 133ms @ http://localhost:3010/_next/static/chunks/node_modules_next_dist_1e8vcs8._.js:776
[   82873ms] [LOG] [Fast Refresh] done in 133ms @ http://localhost:3010/_next/static/chunks/node_modules_next_dist_1e8vcs8._.js:776
[   82911ms] [LOG] [Fast Refresh] done in 133ms @ http://localhost:3010/_next/static/chunks/node_modules_next_dist_1e8vcs8._.js:776
[   82951ms] [LOG] [Fast Refresh] done in 133ms @ http://localhost:3010/_next/static/chunks/node_modules_next_dist_1e8vcs8._.js:776
[   82987ms] [LOG] [Fast Refresh] done in 133ms @ http://localhost:3010/_next/static/chunks/node_modules_next_dist_1e8vcs8._.js:776
[   83025ms] [LOG] [Fast Refresh] done in 133ms @ http://localhost:3010/_next/static/chunks/node_modules_next_dist_1e8vcs8._.js:776
[   83063ms] [LOG] [Fast Refresh] done in 133ms @ http://localhost:3010/_next/static/chunks/node_modules_next_dist_1e8vcs8._.js:776
[   83101ms] [LOG] [Fast Refresh] done in 133ms @ http://localhost:3010/_next/static/chunks/node_modules_next_dist_1e8vcs8._.js:776
[   83139ms] [LOG] [Fast Refresh] done in 133ms @ http://localhost:3010/_next/static/chunks/node_modules_next_dist_1e8vcs8._.js:776
[   83177ms] [LOG] [Fast Refresh] done in 133ms @ http://localhost:3010/_next/static/chunks/node_modules_next_dist_1e8vcs8._.js:776
[   83214ms] [LOG] [Fast Refresh] done in 133ms @ http://localhost:3010/_next/static/chunks/node_modules_next_dist_1e8vcs8._.js:776
[   83252ms] [LOG] [Fast Refresh] done in 133ms @ http://localhost:3010/_next/static/chunks/node_modules_next_dist_1e8vcs8._.js:776
[   83290ms] [LOG] [Fast Refresh] done in 133ms @ http://localhost:3010/_next/static/chunks/node_modules_next_dist_1e8vcs8._.js:776
[   83328ms] [LOG] [Fast Refresh] done in 133ms @ http://localhost:3010/_next/static/chunks/node_modules_next_dist_1e8vcs8._.js:776
[   83367ms] [LOG] [Fast Refresh] done in 133ms @ http://localhost:3010/_next/static/chunks/node_modules_next_dist_1e8vcs8._.js:776
[   83405ms] [LOG] [Fast Refresh] done in 133ms @ http://localhost:3010/_next/static/chunks/node_modules_next_dist_1e8vcs8._.js:776
[   83444ms] [LOG] [Fast Refresh] done in 133ms @ http://localhost:3010/_next/static/chunks/node_modules_next_dist_1e8vcs8._.js:776
[   83482ms] [LOG] [Fast Refresh] done in 133ms @ http://localhost:3010/_next/static/chunks/node_modules_next_dist_1e8vcs8._.js:776
[   83520ms] [LOG] [Fast Refresh] done in 133ms @ http://localhost:3010/_next/static/chunks/node_modules_next_dist_1e8vcs8._.js:776
[   83559ms] [LOG] [Fast Refresh] done in 133ms @ http://localhost:3010/_next/static/chunks/node_modules_next_dist_1e8vcs8._.js:776
[   83597ms] [LOG] [Fast Refresh] done in 133ms @ http://localhost:3010/_next/static/chunks/node_modules_next_dist_1e8vcs8._.js:776
[   83634ms] [LOG] [Fast Refresh] done in 133ms @ http://localhost:3010/_next/static/chunks/node_modules_next_dist_1e8vcs8._.js:776
[   83672ms] [LOG] [Fast Refresh] done in 133ms @ http://localhost:3010/_next/static/chunks/node_modules_next_dist_1e8vcs8._.js:776
[   83709ms] [LOG] [Fast Refresh] done in 133ms @ http://localhost:3010/_next/static/chunks/node_modules_next_dist_1e8vcs8._.js:776
[   83747ms] [LOG] [Fast Refresh] done in 133ms @ http://localhost:3010/_next/static/chunks/node_modules_next_dist_1e8vcs8._.js:776
[   83789ms] [LOG] [Fast Refresh] done in 133ms @ http://localhost:3010/_next/static/chunks/node_modules_next_dist_1e8vcs8._.js:776
[   83827ms] [LOG] [Fast Refresh] done in 133ms @ http://localhost:3010/_next/static/chunks/node_modules_next_dist_1e8vcs8._.js:776
[   83865ms] [LOG] [Fast Refresh] done in 133ms @ http://localhost:3010/_next/static/chunks/node_modules_next_dist_1e8vcs8._.js:776
[   83903ms] [LOG] [Fast Refresh] done in 133ms @ http://localhost:3010/_next/static/chunks/node_modules_next_dist_1e8vcs8._.js:776
[   83940ms] [LOG] [Fast Refresh] done in 133ms @ http://localhost:3010/_next/static/chunks/node_modules_next_dist_1e8vcs8._.js:776
[   83976ms] [LOG] [Fast Refresh] done in 133ms @ http://localhost:3010/_next/static/chunks/node_modules_next_dist_1e8vcs8._.js:776
[   84013ms] [LOG] [Fast Refresh] done in 133ms @ http://localhost:3010/_next/static/chunks/node_modules_next_dist_1e8vcs8._.js:776
[   84055ms] [LOG] [Fast Refresh] done in 133ms @ http://localhost:3010/_next/static/chunks/node_modules_next_dist_1e8vcs8._.js:776
[   84095ms] [LOG] [Fast Refresh] done in 133ms @ http://localhost:3010/_next/static/chunks/node_modules_next_dist_1e8vcs8._.js:776
[   84135ms] [LOG] [Fast Refresh] done in 133ms @ http://localhost:3010/_next/static/chunks/node_modules_next_dist_1e8vcs8._.js:776
[   84172ms] [LOG] [Fast Refresh] done in 133ms @ http://localhost:3010/_next/static/chunks/node_modules_next_dist_1e8vcs8._.js:776
[   84208ms] [LOG] [Fast Refresh] done in 133ms @ http://localhost:3010/_next/static/chunks/node_modules_next_dist_1e8vcs8._.js:776
[   84246ms] [LOG] [Fast Refresh] done in 133ms @ http://localhost:3010/_next/static/chunks/node_modules_next_dist_1e8vcs8._.js:776
[   84283ms] [LOG] [Fast Refresh] done in 133ms @ http://localhost:3010/_next/static/chunks/node_modules_next_dist_1e8vcs8._.js:776
[   84320ms] [LOG] [Fast Refresh] done in 133ms @ http://localhost:3010/_next/static/chunks/node_modules_next_dist_1e8vcs8._.js:776
[   84357ms] [LOG] [Fast Refresh] done in 133ms @ http://localhost:3010/_next/static/chunks/node_modules_next_dist_1e8vcs8._.js:776
[   84394ms] [LOG] [Fast Refresh] done in 133ms @ http://localhost:3010/_next/static/chunks/node_modules_next_dist_1e8vcs8._.js:776
[   84429ms] [LOG] [Fast Refresh] done in 133ms @ http://localhost:3010/_next/static/chunks/node_modules_next_dist_1e8vcs8._.js:776
[   84467ms] [LOG] [Fast Refresh] done in 133ms @ http://localhost:3010/_next/static/chunks/node_modules_next_dist_1e8vcs8._.js:776
[   84504ms] [LOG] [Fast Refresh] done in 133ms @ http://localhost:3010/_next/static/chunks/node_modules_next_dist_1e8vcs8._.js:776
[   84543ms] [LOG] [Fast Refresh] done in 133ms @ http://localhost:3010/_next/static/chunks/node_modules_next_dist_1e8vcs8._.js:776
[   84581ms] [LOG] [Fast Refresh] done in 133ms @ http://localhost:3010/_next/static/chunks/node_modules_next_dist_1e8vcs8._.js:776
[   84618ms] [LOG] [Fast Refresh] done in 133ms @ http://localhost:3010/_next/static/chunks/node_modules_next_dist_1e8vcs8._.js:776
[   84655ms] [LOG] [Fast Refresh] done in 133ms @ http://localhost:3010/_next/static/chunks/node_modules_next_dist_1e8vcs8._.js:776
[   84691ms] [LOG] [Fast Refresh] done in 133ms @ http://localhost:3010/_next/static/chunks/node_modules_next_dist_1e8vcs8._.js:776
[   84729ms] [LOG] [Fast Refresh] done in 133ms @ http://localhost:3010/_next/static/chunks/node_modules_next_dist_1e8vcs8._.js:776
[   84767ms] [LOG] [Fast Refresh] done in 133ms @ http://localhost:3010/_next/static/chunks/node_modules_next_dist_1e8vcs8._.js:776
[   84806ms] [LOG] [Fast Refresh] done in 133ms @ http://localhost:3010/_next/static/chunks/node_modules_next_dist_1e8vcs8._.js:776
[   84844ms] [LOG] [Fast Refresh] done in 133ms @ http://localhost:3010/_next/static/chunks/node_modules_next_dist_1e8vcs8._.js:776
[   84884ms] [LOG] [Fast Refresh] done in 133ms @ http://localhost:3010/_next/static/chunks/node_modules_next_dist_1e8vcs8._.js:776
[   84922ms] [LOG] [Fast Refresh] done in 133ms @ http://localhost:3010/_next/static/chunks/node_modules_next_dist_1e8vcs8._.js:776
[   84960ms] [LOG] [Fast Refresh] done in 133ms @ http://localhost:3010/_next/static/chunks/node_modules_next_dist_1e8vcs8._.js:776
[   84998ms] [LOG] [Fast Refresh] done in 133ms @ http://localhost:3010/_next/static/chunks/node_modules_next_dist_1e8vcs8._.js:776
[   85036ms] [LOG] [Fast Refresh] done in 133ms @ http://localhost:3010/_next/static/chunks/node_modules_next_dist_1e8vcs8._.js:776
[   85073ms] [LOG] [Fast Refresh] done in 133ms @ http://localhost:3010/_next/static/chunks/node_modules_next_dist_1e8vcs8._.js:776
[   85111ms] [LOG] [Fast Refresh] done in 133ms @ http://localhost:3010/_next/static/chunks/node_modules_next_dist_1e8vcs8._.js:776
[   85148ms] [LOG] [Fast Refresh] done in 133ms @ http://localhost:3010/_next/static/chunks/node_modules_next_dist_1e8vcs8._.js:776
[   85186ms] [LOG] [Fast Refresh] done in 133ms @ http://localhost:3010/_next/static/chunks/node_modules_next_dist_1e8vcs8._.js:776
[   85224ms] [LOG] [Fast Refresh] done in 133ms @ http://localhost:3010/_next/static/chunks/node_modules_next_dist_1e8vcs8._.js:776
[   85261ms] [LOG] [Fast Refresh] done in 133ms @ http://localhost:3010/_next/static/chunks/node_modules_next_dist_1e8vcs8._.js:776
[   85299ms] [LOG] [Fast Refresh] done in 133ms @ http://localhost:3010/_next/static/chunks/node_modules_next_dist_1e8vcs8._.js:776
[   85335ms] [LOG] [Fast Refresh] done in 133ms @ http://localhost:3010/_next/static/chunks/node_modules_next_dist_1e8vcs8._.js:776
[   85374ms] [LOG] [Fast Refresh] done in 133ms @ http://localhost:3010/_next/static/chunks/node_modules_next_dist_1e8vcs8._.js:776
[   85413ms] [LOG] [Fast Refresh] done in 133ms @ http://localhost:3010/_next/static/chunks/node_modules_next_dist_1e8vcs8._.js:776
[   85451ms] [LOG] [Fast Refresh] done in 133ms @ http://localhost:3010/_next/static/chunks/node_modules_next_dist_1e8vcs8._.js:776
[   85490ms] [LOG] [Fast Refresh] done in 133ms @ http://localhost:3010/_next/static/chunks/node_modules_next_dist_1e8vcs8._.js:776
[   85528ms] [LOG] [Fast Refresh] done in 133ms @ http://localhost:3010/_next/static/chunks/node_modules_next_dist_1e8vcs8._.js:776
[   85565ms] [LOG] [Fast Refresh] done in 133ms @ http://localhost:3010/_next/static/chunks/node_modules_next_dist_1e8vcs8._.js:776
[   85602ms] [LOG] [Fast Refresh] done in 133ms @ http://localhost:3010/_next/static/chunks/node_modules_next_dist_1e8vcs8._.js:776
[   85640ms] [LOG] [Fast Refresh] done in 133ms @ http://localhost:3010/_next/static/chunks/node_modules_next_dist_1e8vcs8._.js:776
[   85677ms] [LOG] [Fast Refresh] done in 133ms @ http://localhost:3010/_next/static/chunks/node_modules_next_dist_1e8vcs8._.js:776
[   85713ms] [LOG] [Fast Refresh] done in 133ms @ http://localhost:3010/_next/static/chunks/node_modules_next_dist_1e8vcs8._.js:776
[   85751ms] [LOG] [Fast Refresh] done in 133ms @ http://localhost:3010/_next/static/chunks/node_modules_next_dist_1e8vcs8._.js:776
[   85789ms] [LOG] [Fast Refresh] done in 133ms @ http://localhost:3010/_next/static/chunks/node_modules_next_dist_1e8vcs8._.js:776
[   85827ms] [LOG] [Fast Refresh] done in 133ms @ http://localhost:3010/_next/static/chunks/node_modules_next_dist_1e8vcs8._.js:776
[   85866ms] [LOG] [Fast Refresh] done in 133ms @ http://localhost:3010/_next/static/chunks/node_modules_next_dist_1e8vcs8._.js:776
[   85904ms] [LOG] [Fast Refresh] done in 133ms @ http://localhost:3010/_next/static/chunks/node_modules_next_dist_1e8vcs8._.js:776
[   85943ms] [LOG] [Fast Refresh] done in 133ms @ http://localhost:3010/_next/static/chunks/node_modules_next_dist_1e8vcs8._.js:776
[   85980ms] [LOG] [Fast Refresh] done in 133ms @ http://localhost:3010/_next/static/chunks/node_modules_next_dist_1e8vcs8._.js:776
[   86017ms] [LOG] [Fast Refresh] done in 133ms @ http://localhost:3010/_next/static/chunks/node_modules_next_dist_1e8vcs8._.js:776
[   86056ms] [LOG] [Fast Refresh] done in 133ms @ http://localhost:3010/_next/static/chunks/node_modules_next_dist_1e8vcs8._.js:776
[   86094ms] [LOG] [Fast Refresh] done in 133ms @ http://localhost:3010/_next/static/chunks/node_modules_next_dist_1e8vcs8._.js:776
[   86134ms] [LOG] [Fast Refresh] done in 133ms @ http://localhost:3010/_next/static/chunks/node_modules_next_dist_1e8vcs8._.js:776
[   86173ms] [LOG] [Fast Refresh] done in 133ms @ http://localhost:3010/_next/static/chunks/node_modules_next_dist_1e8vcs8._.js:776
[   86210ms] [LOG] [Fast Refresh] done in 133ms @ http://localhost:3010/_next/static/chunks/node_modules_next_dist_1e8vcs8._.js:776
[   86250ms] [LOG] [Fast Refresh] done in 133ms @ http://localhost:3010/_next/static/chunks/node_modules_next_dist_1e8vcs8._.js:776
[   86288ms] [LOG] [Fast Refresh] done in 133ms @ http://localhost:3010/_next/static/chunks/node_modules_next_dist_1e8vcs8._.js:776
[   86326ms] [LOG] [Fast Refresh] done in 133ms @ http://localhost:3010/_next/static/chunks/node_modules_next_dist_1e8vcs8._.js:776
[   86363ms] [LOG] [Fast Refresh] done in 133ms @ http://localhost:3010/_next/static/chunks/node_modules_next_dist_1e8vcs8._.js:776
[   86400ms] [LOG] [Fast Refresh] done in 133ms @ http://localhost:3010/_next/static/chunks/node_modules_next_dist_1e8vcs8._.js:776
[   86439ms] [LOG] [Fast Refresh] done in 133ms @ http://localhost:3010/_next/static/chunks/node_modules_next_dist_1e8vcs8._.js:776
[   86478ms] [LOG] [Fast Refresh] done in 133ms @ http://localhost:3010/_next/static/chunks/node_modules_next_dist_1e8vcs8._.js:776
[  327492ms] [ERROR] WebSocket connection to 'ws://localhost:3010/_next/hmr?id=Bdk7ot-hYUxYgJmb75X_U' failed: WebSocket opening handshake timed out @ http://localhost:3010/_next/static/chunks/node_modules_next_dist_client_0_90u2t._.js:16348
[  568497ms] [ERROR] WebSocket connection to 'ws://localhost:3010/_next/hmr?id=Bdk7ot-hYUxYgJmb75X_U' failed: WebSocket opening handshake timed out @ http://localhost:3010/_next/static/chunks/node_modules_next_dist_client_0_90u2t._.js:16348
[  809504ms] [ERROR] WebSocket connection to 'ws://localhost:3010/_next/hmr?id=Bdk7ot-hYUxYgJmb75X_U' failed: WebSocket opening handshake timed out @ http://localhost:3010/_next/static/chunks/node_modules_next_dist_client_0_90u2t._.js:16348
[ 1050509ms] [ERROR] WebSocket connection to 'ws://localhost:3010/_next/hmr?id=Bdk7ot-hYUxYgJmb75X_U' failed: WebSocket opening handshake timed out @ http://localhost:3010/_next/static/chunks/node_modules_next_dist_client_0_90u2t._.js:16348
[ 1291516ms] [ERROR] WebSocket connection to 'ws://localhost:3010/_next/hmr?id=Bdk7ot-hYUxYgJmb75X_U' failed: WebSocket opening handshake timed out @ http://localhost:3010/_next/static/chunks/node_modules_next_dist_client_0_90u2t._.js:16348
