[     375ms] [INFO] %cDownload the React DevTools for a better development experience: https://react.dev/link/react-devtools font-weight:bold @ http://localhost:3001/_next/static/chunks/node_modules_next_dist_1e8vcs8._.js:776
[     381ms] [ERROR] eval() is not supported in this environment. If this page was served with a `Content-Security-Policy` header, make sure that `unsafe-eval` is included. React requires eval() in development mode for various debugging features like reconstructing callstacks from a different environment.
React will never use eval() in production mode @ http://localhost:3001/_next/static/chunks/node_modules_next_dist_1e8vcs8._.js:1052
[     420ms] [LOG] [HMR] connected @ http://localhost:3001/_next/static/chunks/node_modules_next_dist_1e8vcs8._.js:776
[     586ms] [ERROR] Loading the script 'https://va.vercel-scripts.com/v1/script.debug.js' violates the following Content Security Policy directive: "script-src 'self' 'unsafe-inline' https://cdn.himetrica.com". Note that 'script-src-elem' was not explicitly set, so 'script-src' is used as a fallback. The action has been blocked. @ http://localhost:3001/_next/static/chunks/node_modules_0fi3d0_._.js:135
[     588ms] [ERROR] Loading the script 'https://va.vercel-scripts.com/v1/speed-insights/script.debug.js' violates the following Content Security Policy directive: "script-src 'self' 'unsafe-inline' https://cdn.himetrica.com". Note that 'script-src-elem' was not explicitly set, so 'script-src' is used as a fallback. The action has been blocked. @ http://localhost:3001/_next/static/chunks/node_modules_0fi3d0_._.js:358
[     602ms] [LOG] [Vercel Web Analytics] Failed to load script from https://va.vercel-scripts.com/v1/script.debug.js. Please check if any ad blockers are enabled and try again. @ http://localhost:3001/_next/static/chunks/node_modules_next_dist_1e8vcs8._.js:776
[     602ms] [LOG] [Vercel Speed Insights] Failed to load script from https://va.vercel-scripts.com/v1/speed-insights/script.debug.js. Please check if any content blockers are enabled and try again. @ http://localhost:3001/_next/static/chunks/node_modules_next_dist_1e8vcs8._.js:776
[     616ms] [LOG] [Fast Refresh] rebuilding @ http://localhost:3001/_next/static/chunks/node_modules_next_dist_1e8vcs8._.js:776
[     830ms] [LOG] [Fast Refresh] done in 316ms @ http://localhost:3001/_next/static/chunks/node_modules_next_dist_1e8vcs8._.js:776
[  105034ms] [ERROR] WebSocket connection to 'ws://localhost:3001/_next/hmr?id=3-A440qc0BCzAVa5WyFbO' failed: Error in connection establishment: net::ERR_CONNECTION_REFUSED @ http://localhost:3001/_next/static/chunks/node_modules_next_dist_client_0_90u2t._.js:16348
[  108342ms] [ERROR] WebSocket connection to 'ws://localhost:3001/_next/hmr?id=3-A440qc0BCzAVa5WyFbO' failed: Error in connection establishment: net::ERR_CONNECTION_REFUSED @ http://localhost:3001/_next/static/chunks/node_modules_next_dist_client_0_90u2t._.js:16348
[  111651ms] [ERROR] WebSocket connection to 'ws://localhost:3001/_next/hmr?id=3-A440qc0BCzAVa5WyFbO' failed: Error in connection establishment: net::ERR_CONNECTION_REFUSED @ http://localhost:3001/_next/static/chunks/node_modules_next_dist_client_0_90u2t._.js:16348
[  114985ms] [ERROR] WebSocket connection to 'ws://localhost:3001/_next/hmr?id=3-A440qc0BCzAVa5WyFbO' failed: Error in connection establishment: net::ERR_CONNECTION_REFUSED @ http://localhost:3001/_next/static/chunks/node_modules_next_dist_client_0_90u2t._.js:16348
[  118293ms] [ERROR] WebSocket connection to 'ws://localhost:3001/_next/hmr?id=3-A440qc0BCzAVa5WyFbO' failed: Error in connection establishment: net::ERR_CONNECTION_REFUSED @ http://localhost:3001/_next/static/chunks/node_modules_next_dist_client_0_90u2t._.js:16348
[  125597ms] [ERROR] WebSocket connection to 'ws://localhost:3001/_next/hmr?id=3-A440qc0BCzAVa5WyFbO' failed: Error in connection establishment: net::ERR_CONNECTION_REFUSED @ http://localhost:3001/_next/static/chunks/node_modules_next_dist_client_0_90u2t._.js:16348
[  132904ms] [ERROR] WebSocket connection to 'ws://localhost:3001/_next/hmr?id=3-A440qc0BCzAVa5WyFbO' failed: Error in connection establishment: net::ERR_CONNECTION_REFUSED @ http://localhost:3001/_next/static/chunks/node_modules_next_dist_client_0_90u2t._.js:16348
[  140217ms] [ERROR] WebSocket connection to 'ws://localhost:3001/_next/hmr?id=3-A440qc0BCzAVa5WyFbO' failed: Error in connection establishment: net::ERR_CONNECTION_REFUSED @ http://localhost:3001/_next/static/chunks/node_modules_next_dist_client_0_90u2t._.js:16348
[  147524ms] [ERROR] WebSocket connection to 'ws://localhost:3001/_next/hmr?id=3-A440qc0BCzAVa5WyFbO' failed: Error in connection establishment: net::ERR_CONNECTION_REFUSED @ http://localhost:3001/_next/static/chunks/node_modules_next_dist_client_0_90u2t._.js:16348
[  154832ms] [ERROR] WebSocket connection to 'ws://localhost:3001/_next/hmr?id=3-A440qc0BCzAVa5WyFbO' failed: Error in connection establishment: net::ERR_CONNECTION_REFUSED @ http://localhost:3001/_next/static/chunks/node_modules_next_dist_client_0_90u2t._.js:16348
[  162144ms] [ERROR] WebSocket connection to 'ws://localhost:3001/_next/hmr?id=3-A440qc0BCzAVa5WyFbO' failed: Error in connection establishment: net::ERR_CONNECTION_REFUSED @ http://localhost:3001/_next/static/chunks/node_modules_next_dist_client_0_90u2t._.js:16348
[  169452ms] [ERROR] WebSocket connection to 'ws://localhost:3001/_next/hmr?id=3-A440qc0BCzAVa5WyFbO' failed: Error in connection establishment: net::ERR_CONNECTION_REFUSED @ http://localhost:3001/_next/static/chunks/node_modules_next_dist_client_0_90u2t._.js:16348
